[12:13:07] ########## A5 追加实验（第四批：构建轴）开始（先等第三批）##########
[12:41:08]   第三批已完成
[12:41:08] ---- 尝试 ① bitsandbytes NF4 4bit ----
WARNING: Running pip as the 'root' user can result in broken permissions and conflicting behaviour with the system package manager, possibly rendering your system unusable. It is recommended to use a virtual environment instead: https://pip.pypa.io/warnings/venv. Use the --root-user-action option if you know what you are doing and want to suppress this warning.

[notice] A new release of pip is available: 25.2 -> 26.2.1
[notice] To update, run: /usr/local/miniconda3/bin/python -m pip install --upgrade pip
[12:41:11]   bitsandbytes 安装完成
[12:47:14]   [extra4_bnb] 起服失败，日志尾：
      (APIServer pid=9511)     ~~~~~~~~~~~~~~~~~~~~~~~~~~~~~~~~~~~~~~~~^^^^^^^^^^^^^^^^^^^^^^^^^^^^^^^^^^^^^^^^^^^
      (APIServer pid=9511) pydantic_core._pydantic_core.ValidationError: 1 validation error for ModelConfig
      (APIServer pid=9511)   Value error, Unknown quantization method: bitsandbytes. Must be one of ['awq', 'auto_awq', 'fp8', 'fbgemm_fp8', 'fp_quant', 'mo
      (APIServer pid=9511)     For further information visit https://errors.pydantic.dev/2.13/v/value_error
[12:47:14] ---- 尝试 ② int8_per_channel_weight_only ----
[12:50:17]   [extra4_i8] 起服就绪（180s）
[12:50:17]   [int8/st_a] 零池 3 臂
  base 臂 pred==0 的 item 共 103 个；本次抽 103 个（gt 从 138 到 2256）
  [base] 103 行；pred==0 的 0 个；-> /root/e1_results_build/e1_gemma3-12b-int8_st_a_base_native.csv
  [permit] 103 行；pred==0 的 0 个；-> /root/e1_results_build/e1_gemma3-12b-int8_st_a_permit_native.csv
  [channel] 103 行；pred==0 的 0 个；-> /root/e1_results_build/e1_gemma3-12b-int8_st_a_channel_native.csv
[12:50:42]      rc=0 用时 25s
[12:50:42]   [int8/ucf] 零池 3 臂
  base 臂 pred==0 的 item 共 180 个；本次抽 150 个（gt 从 137 到 1798）
  [base] 150 行；pred==0 的 0 个；-> /root/e1_results_build/e1_gemma3-12b-int8_ucf_base_native.csv
  [permit] 150 行；pred==0 的 0 个；-> /root/e1_results_build/e1_gemma3-12b-int8_ucf_permit_native.csv
  [channel] 150 行；pred==0 的 0 个；-> /root/e1_results_build/e1_gemma3-12b-int8_ucf_channel_native.csv
[12:51:25]      rc=0 用时 43s
[12:51:25]   [int8/visdrone] 零池 3 臂
  base 臂 pred==0 的 item 共 273 个；本次抽 150 个（gt 从 1 到 8）
  [base] 150 行；pred==0 的 5 个；-> /root/e1_results_build/e1_gemma3-12b-int8_visdrone_base_native.csv
  [permit] 150 行；pred==0 的 0 个；-> /root/e1_results_build/e1_gemma3-12b-int8_visdrone_permit_native.csv
  [channel] 150 行；pred==0 的 0 个；-> /root/e1_results_build/e1_gemma3-12b-int8_visdrone_channel_native.csv
[12:51:58]      rc=0 用时 33s
[12:51:58] 构建轴实际取到：int8
[12:51:58] build 目录文件数：9
[12:51:58] ########## A5 追加实验（第四批）结束 ##########
A5_EXTRA4_DONE
