[11:46:08] ########## A5 追加实验开始 ##########
[11:46:08]   复用现有 serve（gemma3-12b）
[11:46:08] == 机制臂 enum,enumAbstain,locate / st_a 零池 ==
  base 臂 pred==0 的 item 共 103 个；本次抽 103 个（gt 从 138 到 2256）
  [enum] 103 行；pred==0 的 0 个；-> /root/e1_results/e1_gemma3-12b_st_a_enum.csv
  [enumAbstain] 103 行；pred==0 的 0 个；-> /root/e1_results/e1_gemma3-12b_st_a_enumAbstain.csv
  [locate] 103 行；pred==0 的 0 个；-> /root/e1_results/e1_gemma3-12b_st_a_locate.csv
[11:46:52]    rc=0 用时 44s
[11:46:52] == 机制臂 enum,enumAbstain,locate / ucf 零池 ==
  base 臂 pred==0 的 item 共 180 个；本次抽 150 个（gt 从 137 到 1798）
  [enum] 150 行；pred==0 的 0 个；-> /root/e1_results/e1_gemma3-12b_ucf_enum.csv
  [enumAbstain] 150 行；pred==0 的 0 个；-> /root/e1_results/e1_gemma3-12b_ucf_enumAbstain.csv
  [locate] 150 行；pred==0 的 0 个；-> /root/e1_results/e1_gemma3-12b_ucf_locate.csv
[11:48:02]    rc=0 用时 70s
[11:48:02] == 机制臂 enum,enumAbstain,locate / visdrone 零池 ==
  base 臂 pred==0 的 item 共 273 个；本次抽 150 个（gt 从 1 到 8）
  [enum] 150 行；pred==0 的 58 个；-> /root/e1_results/e1_gemma3-12b_visdrone_enum.csv
  [enumAbstain] 150 行；pred==0 的 0 个；-> /root/e1_results/e1_gemma3-12b_visdrone_enumAbstain.csv
  [locate] 150 行；pred==0 的 13 个；-> /root/e1_results/e1_gemma3-12b_visdrone_locate.csv
[11:48:36]    rc=0 用时 34s
[11:48:36] == 尺度 s1536 / st_a 零池 3 臂 ==
  base 臂 pred==0 的 item 共 103 个；本次抽 103 个（gt 从 138 到 2256）
  [base] 103 行；pred==0 的 0 个；-> /root/e1_results_ablate/e1_gemma3-12b_st_a_base_s1536.csv
  [permit] 103 行；pred==0 的 0 个；-> /root/e1_results_ablate/e1_gemma3-12b_st_a_permit_s1536.csv
  [channel] 103 行；pred==0 的 0 个；-> /root/e1_results_ablate/e1_gemma3-12b_st_a_channel_s1536.csv
[11:48:58]    rc=0 用时 22s
[11:48:58] == 尺度 s1536 / ucf 零池 3 臂 ==
  base 臂 pred==0 的 item 共 180 个；本次抽 150 个（gt 从 137 到 1798）
  [base] 150 行；pred==0 的 0 个；-> /root/e1_results_ablate/e1_gemma3-12b_ucf_base_s1536.csv
  [permit] 150 行；pred==0 的 0 个；-> /root/e1_results_ablate/e1_gemma3-12b_ucf_permit_s1536.csv
  [channel] 150 行；pred==0 的 0 个；-> /root/e1_results_ablate/e1_gemma3-12b_ucf_channel_s1536.csv
[11:49:38]    rc=0 用时 40s
[11:49:38] == 确定性 reps=3 / st_a 零池 base,permit ==
  base 臂 pred==0 的 item 共 103 个；本次抽 60 个（gt 从 138 到 489）
  [base] 180 行；pred==0 的 0 个；-> /root/e1_results_reps/e1_gemma3-12b_st_a_base_native.csv
  [permit] 180 行；pred==0 的 0 个；-> /root/e1_results_reps/e1_gemma3-12b_st_a_permit_native.csv
[11:49:51]    rc=0 用时 13s
[11:49:51] 追加完成：ablate 24 个、reps 2 个
[11:49:51] ########## A5 追加实验结束 ##########
A5_EXTRA_DONE
