[09:57:42] ########## A5 家族 gemma3-12b 开始（gemma3-12b）##########
[09:57:42] ########## A5 家族 gemma3-12b 开始（gemma3-12b）##########
[10:01:15]   起服就绪（210s）
[10:01:15]   起服就绪（210s）
[10:01:15] == gemma3-12b / st_a 零池 6 臂 ==
[10:01:15] == gemma3-12b / st_a 零池 6 臂 ==
  base 臂 pred==0 的 item 共 103 个；本次抽 103 个（gt 从 138 到 2256）
  [base] 103 行；pred==0 的 0 个；-> /root/e1_results/e1_gemma3-12b_st_a_base.csv
  [permit] 103 行；pred==0 的 0 个；-> /root/e1_results/e1_gemma3-12b_st_a_permit.csv
  [bestA] 103 行；pred==0 的 0 个；-> /root/e1_results/e1_gemma3-12b_st_a_bestA.csv
  [bestB] 103 行；pred==0 的 0 个；-> /root/e1_results/e1_gemma3-12b_st_a_bestB.csv
  [bestC] 103 行；pred==0 的 0 个；-> /root/e1_results/e1_gemma3-12b_st_a_bestC.csv
  [channel] 103 行；pred==0 的 0 个；-> /root/e1_results/e1_gemma3-12b_st_a_channel.csv
[10:02:15]    rc=0 用时 60s
[10:02:15]    rc=0 用时 60s
[10:02:15] == gemma3-12b / st_a 非零池 3 臂 ==
[10:02:15] == gemma3-12b / st_a 非零池 3 臂 ==
  base 臂 pred==0 的 item 共 79 个；本次抽 79 个（gt 从 66 到 823）
  [base] 79 行；pred==0 的 0 个；-> /root/e1_results_nonzero/e1_gemma3-12b_st_a_base.csv
  [permit] 79 行；pred==0 的 0 个；-> /root/e1_results_nonzero/e1_gemma3-12b_st_a_permit.csv
  [channel] 79 行；pred==0 的 0 个；-> /root/e1_results_nonzero/e1_gemma3-12b_st_a_channel.csv
[10:02:35]    rc=0 用时 20s
[10:02:35]    rc=0 用时 20s
[10:02:35] == gemma3-12b / ucf 零池 6 臂 ==
[10:02:35] == gemma3-12b / ucf 零池 6 臂 ==
  base 臂 pred==0 的 item 共 180 个；本次抽 150 个（gt 从 137 到 1798）
  [base] 150 行；pred==0 的 0 个；-> /root/e1_results/e1_gemma3-12b_ucf_base.csv
  [permit] 150 行；pred==0 的 0 个；-> /root/e1_results/e1_gemma3-12b_ucf_permit.csv
  [bestA] 150 行；pred==0 的 0 个；-> /root/e1_results/e1_gemma3-12b_ucf_bestA.csv
  [bestB] 150 行；pred==0 的 0 个；-> /root/e1_results/e1_gemma3-12b_ucf_bestB.csv
  [bestC] 150 行；pred==0 的 0 个；-> /root/e1_results/e1_gemma3-12b_ucf_bestC.csv
  [channel] 150 行；pred==0 的 0 个；-> /root/e1_results/e1_gemma3-12b_ucf_channel.csv
[10:04:22]    rc=0 用时 107s
[10:04:22]    rc=0 用时 107s
[10:04:22] == gemma3-12b / ucf 非零池 3 臂 ==
[10:04:22] == gemma3-12b / ucf 非零池 3 臂 ==
  base 臂 pred==0 的 item 共 154 个；本次抽 150 个（gt 从 65 到 737）
  [base] 150 行；pred==0 的 0 个；-> /root/e1_results_nonzero/e1_gemma3-12b_ucf_base.csv
  [permit] 150 行；pred==0 的 0 个；-> /root/e1_results_nonzero/e1_gemma3-12b_ucf_permit.csv
  [channel] 150 行；pred==0 的 0 个；-> /root/e1_results_nonzero/e1_gemma3-12b_ucf_channel.csv
[10:05:12]    rc=0 用时 50s
[10:05:12]    rc=0 用时 50s
[10:05:12] == gemma3-12b / visdrone 零池 6 臂 ==
[10:05:12] == gemma3-12b / visdrone 零池 6 臂 ==
  base 臂 pred==0 的 item 共 273 个；本次抽 150 个（gt 从 1 到 8）
  [base] 158 行；pred==0 的 5 个；-> /root/e1_results/e1_gemma3-12b_visdrone_base.csv
  [permit] 158 行；pred==0 的 0 个；-> /root/e1_results/e1_gemma3-12b_visdrone_permit.csv
  [bestA] 150 行；pred==0 的 0 个；-> /root/e1_results/e1_gemma3-12b_visdrone_bestA.csv
  [bestB] 150 行；pred==0 的 0 个；-> /root/e1_results/e1_gemma3-12b_visdrone_bestB.csv
  [bestC] 150 行；pred==0 的 0 个；-> /root/e1_results/e1_gemma3-12b_visdrone_bestC.csv
  [channel] 158 行；pred==0 的 0 个；-> /root/e1_results/e1_gemma3-12b_visdrone_channel.csv
[10:06:26]    rc=0 用时 74s
[10:06:26]    rc=0 用时 74s
[10:06:26] == gemma3-12b / visdrone 非零池 3 臂 ==
[10:06:26] == gemma3-12b / visdrone 非零池 3 臂 ==
  base 臂 pred==0 的 item 共 127 个；本次抽 127 个（gt 从 1 到 262）
  [base] 127 行；pred==0 的 0 个；-> /root/e1_results_nonzero/e1_gemma3-12b_visdrone_base.csv
  [permit] 127 行；pred==0 的 0 个；-> /root/e1_results_nonzero/e1_gemma3-12b_visdrone_permit.csv
  [channel] 127 行；pred==0 的 0 个；-> /root/e1_results_nonzero/e1_gemma3-12b_visdrone_channel.csv
[10:06:54]    rc=0 用时 28s
[10:06:54]    rc=0 用时 28s
[10:06:54] == gemma3-12b / aitod 零池 6 臂 ==
[10:06:54] == gemma3-12b / aitod 零池 6 臂 ==
  base 臂 pred==0 的 item 共 154 个；本次抽 150 个（gt 从 1 到 61）
  [base] 150 行；pred==0 的 4 个；-> /root/e1_results/e1_gemma3-12b_aitod_base.csv
  [permit] 150 行；pred==0 的 0 个；-> /root/e1_results/e1_gemma3-12b_aitod_permit.csv
  [bestA] 150 行；pred==0 的 1 个；-> /root/e1_results/e1_gemma3-12b_aitod_bestA.csv
  [bestB] 150 行；pred==0 的 0 个；-> /root/e1_results/e1_gemma3-12b_aitod_bestB.csv
  [bestC] 150 行；pred==0 的 0 个；-> /root/e1_results/e1_gemma3-12b_aitod_bestC.csv
  [channel] 150 行；pred==0 的 0 个；-> /root/e1_results/e1_gemma3-12b_aitod_channel.csv
[10:08:16]    rc=0 用时 82s
[10:08:16]    rc=0 用时 82s
[10:08:16] == gemma3-12b / aitod 非零池 3 臂 ==
[10:08:16] == gemma3-12b / aitod 非零池 3 臂 ==
  base 臂 pred==0 的 item 共 72 个；本次抽 72 个（gt 从 1 到 123）
  [base] 72 行；pred==0 的 0 个；-> /root/e1_results_nonzero/e1_gemma3-12b_aitod_base.csv
  [permit] 72 行；pred==0 的 0 个；-> /root/e1_results_nonzero/e1_gemma3-12b_aitod_permit.csv
  [channel] 72 行；pred==0 的 0 个；-> /root/e1_results_nonzero/e1_gemma3-12b_aitod_channel.csv
[10:08:33]    rc=0 用时 17s
[10:08:33]    rc=0 用时 17s
[10:08:33] 零池文件 24 个；非零池 12 个
[10:08:33] 零池文件 24 个；非零池 12 个
[10:08:33] ########## A5 家族 gemma3-12b 结束 ##########
[10:08:33] ########## A5 家族 gemma3-12b 结束 ##########
A5_gemma3-12b_DONE
