[16:27:23] == wave2 开始 ｜ 显存 0 MiB ==
[16:27:23] [Phi-3.5-vision-instruct] pid=13783
[16:28:51] [Phi-3.5-vision-instruct] 就绪（88 s）
[16:28:51] [gemma3-12b] pid=14090
[16:30:44] [gemma3-12b] 就绪（112 s）
[16:30:44] 起服阶段结束 ｜ 显存 60870 MiB
[16:30:44] 采集进程： 14406 14407 14409 14410 ｜ 时限 1320s
[16:31:04]   20s：存活采集进程 4 ｜ 显存 62870 MiB
[16:31:24]   40s：存活采集进程 4 ｜ 显存 65094 MiB
[16:31:44]   60s：存活采集进程 4 ｜ 显存 65498 MiB
[16:32:04]   80s：存活采集进程 4 ｜ 显存 66862 MiB
[16:32:24]   100s：存活采集进程 4 ｜ 显存 66862 MiB
[16:32:44]   120s：存活采集进程 4 ｜ 显存 66862 MiB
[16:33:04]   140s：存活采集进程 4 ｜ 显存 66862 MiB
[16:33:24]   160s：存活采集进程 4 ｜ 显存 66862 MiB
[16:33:44]   180s：存活采集进程 3 ｜ 显存 66862 MiB
[16:34:04]   200s：存活采集进程 1 ｜ 显存 66862 MiB
[16:34:24]   220s：存活采集进程 0 ｜ 显存 66862 MiB
[16:34:24]   Phi-3.5-vision-instruct/base：675 唯一 item, zero=91, parse_fail=0
[16:34:24]   Phi-3.5-vision-instruct/permit：675 唯一 item, zero=0, parse_fail=660
[16:34:24]   gemma3-12b/base：675 唯一 item, zero=0, parse_fail=0
[16:34:24]   gemma3-12b/permit：675 唯一 item, zero=0, parse_fail=442
[16:34:27] == wave2 结束 ｜ 显存 0 MiB ==
[16:34:27] P1_wave2_DONE
