推送器启动 → M机:/root/results_newh20
[09-22 00:16:21] 推送 e1_internvl25-8b-awq_aitod_base.csv                    10835 B
[09-22 00:16:21] 推送 e1_internvl25-8b-awq_aitod_bestA.csv                   26114 B
[09-22 00:16:21] 推送 e1_internvl25-8b-awq_aitod_bestB.csv                   10275 B
[09-22 00:16:21] 推送 e1_internvl25-8b-awq_aitod_bestC.csv                   11124 B
[09-22 00:16:21] 推送 e1_internvl25-8b-awq_aitod_channel.csv                 12977 B
[09-22 00:16:22] 推送 e1_internvl25-8b-awq_aitod_permit.csv                  10354 B
[09-22 00:16:22] 推送 e1_internvl25-8b-awq_st_a_base.csv                      5227 B
[09-22 00:16:22] 推送 e1_internvl25-8b-awq_st_a_bestA.csv                    14273 B
[09-22 00:16:22] 推送 e1_internvl25-8b-awq_st_a_bestB.csv                     4820 B
[09-22 00:16:22] 推送 e1_internvl25-8b-awq_st_a_bestC.csv                     5363 B
[09-22 00:16:22] 推送 e1_internvl25-8b-awq_st_a_channel.csv                   5720 B
[09-22 00:16:22] 推送 e1_internvl25-8b-awq_st_a_permit.csv                    4919 B
[09-22 00:16:23] 推送 e1_internvl25-8b-awq_ucf_base.csv                       9534 B
[09-22 00:16:23] 推送 e1_internvl25-8b-awq_ucf_bestA.csv                     25514 B
[09-22 00:16:23] 推送 e1_internvl25-8b-awq_ucf_bestB.csv                      9336 B
[09-22 00:16:23] 推送 e1_internvl25-8b-awq_ucf_bestC.csv                      9926 B
[09-22 00:16:23] 推送 e1_internvl25-8b-awq_ucf_channel.csv                   10619 B
[09-22 00:16:23] 推送 e1_internvl25-8b-awq_ucf_permit.csv                     8906 B
[09-22 00:16:23] 推送 e1_internvl25-8b-awq_visdrone_base.csv                  9772 B
[09-22 00:16:23] 推送 e1_internvl25-8b-awq_visdrone_bestA.csv                24682 B
[09-22 00:16:24] 推送 e1_internvl25-8b-awq_visdrone_bestB.csv                 9106 B
[09-22 00:16:24] 推送 e1_internvl25-8b-awq_visdrone_bestC.csv                 9733 B
[09-22 00:16:24] 推送 e1_internvl25-8b-awq_visdrone_channel.csv              11795 B
[09-22 00:16:24] 推送 e1_internvl25-8b-awq_visdrone_permit.csv                9326 B
[09-22 00:16:24] 推送 e1_internvl35-38b-fp8_aitod_base.csv                   11155 B
[09-22 00:16:24] 推送 e1_internvl35-38b-fp8_aitod_bestA.csv                  25759 B
[09-22 00:16:24] 推送 e1_internvl35-38b-fp8_aitod_bestB.csv                  11176 B
[09-22 00:16:24] 推送 e1_internvl35-38b-fp8_aitod_bestC.csv                  11424 B
[09-22 00:16:25] 推送 e1_internvl35-38b-fp8_aitod_channel.csv                13643 B
[09-22 00:16:25] 推送 e1_internvl35-38b-fp8_aitod_permit.csv                 12451 B
[09-22 00:16:25] 推送 e1_internvl35-38b-fp8_countbench_base.csv                355 B
[09-22 00:16:25] 推送 e1_internvl35-38b-fp8_countbench_bestA.csv               784 B
[09-22 00:16:25] 推送 e1_internvl35-38b-fp8_countbench_bestB.csv               367 B
[09-22 00:16:25] 推送 e1_internvl35-38b-fp8_countbench_bestC.csv               307 B
[09-22 00:16:25] 推送 e1_internvl35-38b-fp8_countbench_channel.csv             451 B
[09-22 00:16:25] 推送 e1_internvl35-38b-fp8_countbench_permit.csv              412 B
[09-22 00:16:26] 推送 e1_internvl35-38b-fp8_st_a_base.csv                     5725 B
[09-22 00:16:26] 推送 e1_internvl35-38b-fp8_st_a_bestA.csv                   15533 B
[09-22 00:16:26] 推送 e1_internvl35-38b-fp8_st_a_bestB.csv                    5544 B
[09-22 00:16:26] 推送 e1_internvl35-38b-fp8_st_a_bestC.csv                    6064 B
[09-22 00:16:26] 推送 e1_internvl35-38b-fp8_st_a_channel.csv                  6682 B
[09-22 00:16:26] 推送 e1_internvl35-38b-fp8_st_a_permit.csv                   5303 B
[09-22 00:16:26] 推送 e1_internvl35-38b-fp8_ucf_base.csv                     10520 B
[09-22 00:16:26] 推送 e1_internvl35-38b-fp8_ucf_bestA.csv                    28422 B
[09-22 00:16:27] 推送 e1_internvl35-38b-fp8_ucf_bestB.csv                     8957 B
[09-22 00:16:27] 推送 e1_internvl35-38b-fp8_ucf_bestC.csv                    11109 B
[09-22 00:16:27] 推送 e1_internvl35-38b-fp8_ucf_channel.csv                  12305 B
[09-22 00:16:27] 推送 e1_internvl35-38b-fp8_ucf_permit.csv                    9523 B
[09-22 00:16:27] 推送 e1_internvl35-38b-fp8_visdrone_base.csv                18226 B
[09-22 00:16:27] 推送 e1_internvl35-38b-fp8_visdrone_bestA.csv               44219 B
[09-22 00:16:27] 推送 e1_internvl35-38b-fp8_visdrone_bestB.csv               18323 B
[09-22 00:16:27] 推送 e1_internvl35-38b-fp8_visdrone_bestC.csv               18866 B
[09-22 00:16:28] 推送 e1_internvl35-38b-fp8_visdrone_channel.csv             22721 B
[09-22 00:16:28] 推送 e1_internvl35-38b-fp8_visdrone_permit.csv              20556 B
[09-22 00:16:28] 推送 e1_qwen25vl-72b-awq_aitod_base.csv                     11164 B
[09-22 00:16:28] 推送 e1_qwen25vl-72b-awq_aitod_bestA.csv                    23906 B
[09-22 00:16:28] 推送 e1_qwen25vl-72b-awq_aitod_bestB.csv                     9160 B
[09-22 00:16:28] 推送 e1_qwen25vl-72b-awq_aitod_bestC.csv                    10772 B
[09-22 00:16:28] 推送 e1_qwen25vl-72b-awq_aitod_channel.csv                  11329 B
[09-22 00:16:28] 推送 e1_qwen25vl-72b-awq_aitod_permit.csv                   10551 B
[09-22 00:16:29] 推送 e1_qwen25vl-72b-awq_st_a_base.csv                       5862 B
[09-22 00:16:29] 推送 e1_qwen25vl-72b-awq_st_a_bestA.csv                     17223 B
[09-22 00:16:29] 推送 e1_qwen25vl-72b-awq_st_a_bestB.csv                      4472 B
[09-22 00:16:29] 推送 e1_qwen25vl-72b-awq_st_a_bestC.csv                      5577 B
[09-22 00:16:29] 推送 e1_qwen25vl-72b-awq_st_a_channel.csv                    5735 B
[09-22 00:16:29] 推送 e1_qwen25vl-72b-awq_st_a_channelB.csv                   5744 B
[09-22 00:16:29] 推送 e1_qwen25vl-72b-awq_st_a_permit.csv                     4929 B
[09-22 00:16:29] 推送 e1_qwen25vl-72b-awq_st_a_permitB.csv                    4924 B
[09-22 00:16:30] 推送 e1_qwen25vl-72b-awq_st_a_permitC.csv                    4927 B
[09-22 00:16:30] 推送 e1_qwen25vl-72b-awq_ucf_base.csv                       11021 B
[09-22 00:16:30] 推送 e1_qwen25vl-72b-awq_ucf_bestA.csv                      30528 B
[09-22 00:16:30] 推送 e1_qwen25vl-72b-awq_ucf_bestB.csv                       8369 B
[09-22 00:16:30] 推送 e1_qwen25vl-72b-awq_ucf_bestC.csv                      10623 B
[09-22 00:16:30] 推送 e1_qwen25vl-72b-awq_ucf_channel.csv                    10490 B
[09-22 00:16:30] 推送 e1_qwen25vl-72b-awq_ucf_channelB.csv                   10491 B
[09-22 00:16:30] 推送 e1_qwen25vl-72b-awq_ucf_permit.csv                      9043 B
[09-22 00:16:31] 推送 e1_qwen25vl-72b-awq_ucf_permitB.csv                     9049 B
[09-22 00:16:31] 推送 e1_qwen25vl-72b-awq_ucf_permitC.csv                     9039 B
[09-22 00:16:31] 推送 e1_qwen25vl-72b-awq_visdrone_base.csv                  10014 B
[09-22 00:16:31] 推送 e1_qwen25vl-72b-awq_visdrone_bestA.csv                 20520 B
[09-22 00:16:31] 推送 e1_qwen25vl-72b-awq_visdrone_bestB.csv                  8132 B
[09-22 00:16:31] 推送 e1_qwen25vl-72b-awq_visdrone_bestC.csv                  9887 B
[09-22 00:16:31] 推送 e1_qwen25vl-72b-awq_visdrone_channel.csv               10546 B
[09-22 00:16:32] 推送 e1_qwen25vl-72b-awq_visdrone_permit.csv                 9556 B
[09-22 00:16:32] 推送 e1_qwen25vl-7b-awq_st_a_base.csv                        5666 B
[09-22 00:16:32] 推送 e1_qwen25vl-7b-awq_st_a_bestA.csv                      11709 B
[09-22 00:16:32] 推送 e1_qwen25vl-7b-awq_st_a_bestB.csv                       4697 B
[09-22 00:16:32] 推送 e1_qwen25vl-7b-awq_st_a_bestC.csv                       4641 B
[09-22 00:16:32] 推送 e1_qwen25vl-7b-awq_st_a_channel.csv                     5750 B
[09-22 00:16:32] 推送 e1_qwen25vl-7b-awq_st_a_permit.csv                      4932 B
[09-22 00:16:32] 推送 e1_qwen25vl-7b-awq_ucf_base.csv                         9920 B
[09-22 00:16:33] 推送 e1_qwen25vl-7b-awq_ucf_bestA.csv                       21944 B
[09-22 00:16:33] 推送 e1_qwen25vl-7b-awq_ucf_bestB.csv                        8611 B
[09-22 00:16:33] 推送 e1_qwen25vl-7b-awq_ucf_bestC.csv                        8577 B
[09-22 00:16:33] 推送 e1_qwen25vl-7b-awq_ucf_channel.csv                     10342 B
[09-22 00:16:33] 推送 e1_qwen25vl-7b-awq_ucf_permit.csv                       8910 B
[09-22 00:16:33] 推送 e1_qwen3-vl-2b_aitod_base.csv                          11383 B
[09-22 00:16:33] 推送 e1_qwen3-vl-2b_aitod_bestA.csv                         30795 B
[09-22 00:16:33] 推送 e1_qwen3-vl-2b_aitod_bestB.csv                         11210 B
[09-22 00:16:34] 推送 e1_qwen3-vl-2b_aitod_bestC.csv                         11223 B
[09-22 00:16:34] 推送 e1_qwen3-vl-2b_aitod_channel.csv                       13320 B
[09-22 00:16:34] 推送 e1_qwen3-vl-2b_aitod_permit.csv                        11990 B
[09-22 00:16:34] 推送 e1_qwen3-vl-2b_countbench_base.csv                       367 B
[09-22 00:16:34] 推送 e1_qwen3-vl-2b_countbench_bestA.csv                      595 B
[09-22 00:16:34] 推送 e1_qwen3-vl-2b_countbench_bestB.csv                      367 B
[09-22 00:16:34] 推送 e1_qwen3-vl-2b_countbench_bestC.csv                      367 B
[09-22 00:16:35] 推送 e1_qwen3-vl-2b_countbench_channel.csv                    451 B
[09-22 00:16:35] 推送 e1_qwen3-vl-2b_countbench_permit.csv                     348 B
[09-22 00:16:35] 推送 e1_qwen3-vl-2b_st_a_base.csv                            6189 B
[09-22 00:16:35] 推送 e1_qwen3-vl-2b_st_a_bestA.csv                          18769 B
[09-22 00:16:35] 推送 e1_qwen3-vl-2b_st_a_bestB.csv                           5857 B
[09-22 00:16:35] 推送 e1_qwen3-vl-2b_st_a_bestC.csv                           5910 B
[09-22 00:16:35] 推送 e1_qwen3-vl-2b_st_a_channel.csv                         6966 B
[09-22 00:16:35] 推送 e1_qwen3-vl-2b_st_a_permit.csv                          6142 B
[09-22 00:16:36] 推送 e1_qwen3-vl-2b_ucf_base.csv                            11142 B
[09-22 00:16:36] 推送 e1_qwen3-vl-2b_ucf_bestA.csv                           32304 B
[09-22 00:16:36] 推送 e1_qwen3-vl-2b_ucf_bestB.csv                           10838 B
[09-22 00:16:36] 推送 e1_qwen3-vl-2b_ucf_bestC.csv                           10698 B
[09-22 00:16:36] 推送 e1_qwen3-vl-2b_ucf_channel.csv                         12502 B
[09-22 00:16:36] 推送 e1_qwen3-vl-2b_ucf_permit.csv                          11039 B
[09-22 00:16:36] 推送 e1_qwen3-vl-2b_visdrone_base.csv                       19205 B
[09-22 00:16:36] 推送 e1_qwen3-vl-2b_visdrone_bestA.csv                      47777 B
[09-22 00:16:37] 推送 e1_qwen3-vl-2b_visdrone_bestB.csv                      18106 B
[09-22 00:16:37] 推送 e1_qwen3-vl-2b_visdrone_bestC.csv                      18133 B
[09-22 00:16:37] 推送 e1_qwen3-vl-2b_visdrone_channel.csv                    21797 B
[09-22 00:16:37] 推送 e1_qwen3-vl-2b_visdrone_permit.csv                     19185 B
[09-22 00:16:37] 推送 e1_qwen3-vl-30b-a3b-fp8_aitod_base.csv                 10680 B
[09-22 00:16:37] 推送 e1_qwen3-vl-30b-a3b-fp8_aitod_bestA.csv                34304 B
[09-22 00:16:37] 推送 e1_qwen3-vl-30b-a3b-fp8_aitod_bestB.csv                11208 B
[09-22 00:16:38] 推送 e1_qwen3-vl-30b-a3b-fp8_aitod_bestC.csv                11279 B
[09-22 00:16:38] 推送 e1_qwen3-vl-30b-a3b-fp8_aitod_channel.csv              13275 B
[09-22 00:16:38] 推送 e1_qwen3-vl-30b-a3b-fp8_aitod_permit.csv               11019 B
[09-22 00:16:38] 推送 e1_qwen3-vl-30b-a3b-fp8_countbench_base.csv              286 B
[09-22 00:16:38] 推送 e1_qwen3-vl-30b-a3b-fp8_countbench_bestA.csv             493 B
[09-22 00:16:38] 推送 e1_qwen3-vl-30b-a3b-fp8_countbench_bestB.csv             317 B
[09-22 00:16:38] 推送 e1_qwen3-vl-30b-a3b-fp8_countbench_bestC.csv             333 B
[09-22 00:16:38] 推送 e1_qwen3-vl-30b-a3b-fp8_countbench_channel.csv           391 B
[09-22 00:16:39] 推送 e1_qwen3-vl-30b-a3b-fp8_countbench_permit.csv            443 B
[09-22 00:16:39] 推送 e1_qwen3-vl-30b-a3b-fp8_st_a_base.csv                   5655 B
[09-22 00:16:39] 推送 e1_qwen3-vl-30b-a3b-fp8_st_a_bestA.csv                 23066 B
[09-22 00:16:39] 推送 e1_qwen3-vl-30b-a3b-fp8_st_a_bestB.csv                  5687 B
[09-22 00:16:39] 推送 e1_qwen3-vl-30b-a3b-fp8_st_a_bestC.csv                  6046 B
[09-22 00:16:39] 推送 e1_qwen3-vl-30b-a3b-fp8_st_a_channel.csv                6641 B
[09-22 00:16:39] 推送 e1_qwen3-vl-30b-a3b-fp8_st_a_permit.csv                 4911 B
[09-22 00:16:39] 推送 e1_qwen3-vl-30b-a3b-fp8_ucf_base.csv                   10216 B
[09-22 00:16:40] 推送 e1_qwen3-vl-30b-a3b-fp8_ucf_bestA.csv                  41967 B
[09-22 00:16:40] 推送 e1_qwen3-vl-30b-a3b-fp8_ucf_bestB.csv                  10494 B
[09-22 00:16:40] 推送 e1_qwen3-vl-30b-a3b-fp8_ucf_bestC.csv                  11234 B
[09-22 00:16:40] 推送 e1_qwen3-vl-30b-a3b-fp8_ucf_channel.csv                12285 B
[09-22 00:16:40] 推送 e1_qwen3-vl-30b-a3b-fp8_ucf_permit.csv                  9151 B
[09-22 00:16:40] 推送 e1_qwen3-vl-30b-a3b-fp8_visdrone_base.csv              17268 B
[09-22 00:16:40] 推送 e1_qwen3-vl-30b-a3b-fp8_visdrone_bestA.csv             62441 B
[09-22 00:16:41] 推送 e1_qwen3-vl-30b-a3b-fp8_visdrone_bestB.csv             18104 B
[09-22 00:16:41] 推送 e1_qwen3-vl-30b-a3b-fp8_visdrone_bestC.csv             18362 B
[09-22 00:16:41] 推送 e1_qwen3-vl-30b-a3b-fp8_visdrone_channel.csv           21140 B
[09-22 00:16:41] 推送 e1_qwen3-vl-30b-a3b-fp8_visdrone_permit.csv            17945 B
[09-22 00:16:41] 推送 e1_qwen3-vl-32b-awq8_aitod_base.csv                     9278 B
[09-22 00:16:41] 推送 e1_qwen3-vl-32b-awq8_aitod_bestA.csv                   50683 B
[09-22 00:16:41] 推送 e1_qwen3-vl-32b-awq8_aitod_bestB.csv                    9374 B
[09-22 00:16:41] 推送 e1_qwen3-vl-32b-awq8_aitod_bestC.csv                    9415 B
[09-22 00:16:42] 推送 e1_qwen3-vl-32b-awq8_aitod_channel.csv                 11656 B
[09-22 00:16:42] 推送 e1_qwen3-vl-32b-awq8_aitod_permit.csv                  10629 B
[09-22 00:16:42] 推送 e1_qwen3-vl-32b-awq8_countbench_base.csv                 295 B
[09-22 00:16:42] 推送 e1_qwen3-vl-32b-awq8_countbench_bestA.csv               1240 B
[09-22 00:16:42] 推送 e1_qwen3-vl-32b-awq8_countbench_bestB.csv                295 B
[09-22 00:16:42] 推送 e1_qwen3-vl-32b-awq8_countbench_bestC.csv                295 B
[09-22 00:16:42] 推送 e1_qwen3-vl-32b-awq8_countbench_channel.csv              379 B
[09-22 00:16:42] 推送 e1_qwen3-vl-32b-awq8_countbench_permit.csv               331 B
[09-22 00:16:43] 推送 e1_qwen3-vl-32b-awq8_st_a_base.csv                      4171 B
[09-22 00:16:43] 推送 e1_qwen3-vl-32b-awq8_st_a_bestA.csv                    36389 B
[09-22 00:16:43] 推送 e1_qwen3-vl-32b-awq8_st_a_bestB.csv                     4595 B
[09-22 00:16:43] 推送 e1_qwen3-vl-32b-awq8_st_a_bestC.csv                     4605 B
[09-22 00:16:43] 推送 e1_qwen3-vl-32b-awq8_st_a_channel.csv                   5746 B
[09-22 00:16:43] 推送 e1_qwen3-vl-32b-awq8_st_a_permit.csv                    4927 B
[09-22 00:16:43] 推送 e1_qwen3-vl-32b-awq8_ucf_base.csv                       7577 B
[09-22 00:16:44] 推送 e1_qwen3-vl-32b-awq8_ucf_bestA.csv                     67280 B
[09-22 00:16:44] 推送 e1_qwen3-vl-32b-awq8_ucf_bestB.csv                      8393 B
[09-22 00:16:44] 推送 e1_qwen3-vl-32b-awq8_ucf_bestC.csv                      8418 B
[09-22 00:16:44] 推送 e1_qwen3-vl-32b-awq8_ucf_channel.csv                   10347 B
[09-22 00:16:44] 推送 e1_qwen3-vl-32b-awq8_ucf_permit.csv                     8905 B
[09-22 00:16:44] 推送 e1_qwen3-vl-32b-awq8_visdrone_base.csv                 14630 B
[09-22 00:16:44] 推送 e1_qwen3-vl-32b-awq8_visdrone_bestA.csv                96535 B
[09-22 00:16:44] 推送 e1_qwen3-vl-32b-awq8_visdrone_bestB.csv                14812 B
[09-22 00:16:45] 推送 e1_qwen3-vl-32b-awq8_visdrone_bestC.csv                14892 B
[09-22 00:16:45] 推送 e1_qwen3-vl-32b-awq8_visdrone_channel.csv              18942 B
[09-22 00:16:45] 推送 e1_qwen3-vl-32b-awq8_visdrone_permit.csv               17063 B
[09-22 00:16:45] 推送 e1_qwen3-vl-32b-awq_aitod_base.csv                      9263 B
[09-22 00:16:45] 推送 e1_qwen3-vl-32b-awq_aitod_bestA.csv                    51128 B
[09-22 00:16:45] 推送 e1_qwen3-vl-32b-awq_aitod_bestB.csv                     9362 B
[09-22 00:16:45] 推送 e1_qwen3-vl-32b-awq_aitod_bestC.csv                     9458 B
[09-22 00:16:45] 推送 e1_qwen3-vl-32b-awq_aitod_channel.csv                  11745 B
[09-22 00:16:46] 推送 e1_qwen3-vl-32b-awq_aitod_enum.csv                      9264 B
[09-22 00:16:46] 推送 e1_qwen3-vl-32b-awq_aitod_enumAbstain.csv              10433 B
[09-22 00:16:46] 推送 e1_qwen3-vl-32b-awq_aitod_locate.csv                    9258 B
[09-22 00:16:46] 推送 e1_qwen3-vl-32b-awq_aitod_permit.csv                   10601 B
[09-22 00:16:46] 推送 e1_qwen3-vl-32b-awq_countbench_base.csv                  295 B
[09-22 00:16:46] 推送 e1_qwen3-vl-32b-awq_countbench_bestA.csv                1299 B
[09-22 00:16:46] 推送 e1_qwen3-vl-32b-awq_countbench_bestB.csv                 295 B
[09-22 00:16:47] 推送 e1_qwen3-vl-32b-awq_countbench_bestC.csv                 301 B
[09-22 00:16:47] 推送 e1_qwen3-vl-32b-awq_countbench_channel.csv               375 B
[09-22 00:16:47] 推送 e1_qwen3-vl-32b-awq_countbench_enum.csv                  290 B
[09-22 00:16:47] 推送 e1_qwen3-vl-32b-awq_countbench_enumAbstain.csv           294 B
[09-22 00:16:47] 推送 e1_qwen3-vl-32b-awq_countbench_locate.csv                295 B
[09-22 00:16:47] 推送 e1_qwen3-vl-32b-awq_countbench_permit.csv                331 B
[09-22 00:16:47] 推送 e1_qwen3-vl-32b-awq_st_a_base.csv                      16824 B
[09-22 00:16:47] 推送 e1_qwen3-vl-32b-awq_st_a_bestA.csv                     36176 B
[09-22 00:16:48] 推送 e1_qwen3-vl-32b-awq_st_a_bestB.csv                      4595 B
[09-22 00:16:48] 推送 e1_qwen3-vl-32b-awq_st_a_bestC.csv                      4601 B
[09-22 00:16:48] 推送 e1_qwen3-vl-32b-awq_st_a_channel.csv                   23820 B
[09-22 00:16:48] 推送 e1_qwen3-vl-32b-awq_st_a_channelB.csv                   5741 B
[09-22 00:16:48] 推送 e1_qwen3-vl-32b-awq_st_a_enum.csv                       4219 B
[09-22 00:16:48] 推送 e1_qwen3-vl-32b-awq_st_a_enumAbstain.csv                4907 B
[09-22 00:16:48] 推送 e1_qwen3-vl-32b-awq_st_a_locate.csv                     4023 B
[09-22 00:16:48] 推送 e1_qwen3-vl-32b-awq_st_a_permit.csv                    20485 B
[09-22 00:16:49] 推送 e1_qwen3-vl-32b-awq_st_a_permitB.csv                    4914 B
[09-22 00:16:49] 推送 e1_qwen3-vl-32b-awq_st_a_permitC.csv                    4916 B
[09-22 00:16:49] 推送 e1_qwen3-vl-32b-awq_ucf_base.csv                       30906 B
[09-22 00:16:49] 推送 e1_qwen3-vl-32b-awq_ucf_bestA.csv                      65885 B
[09-22 00:16:49] 推送 e1_qwen3-vl-32b-awq_ucf_bestB.csv                       8403 B
[09-22 00:16:49] 推送 e1_qwen3-vl-32b-awq_ucf_bestC.csv                       8416 B
[09-22 00:16:49] 推送 e1_qwen3-vl-32b-awq_ucf_channel.csv                    42894 B
[09-22 00:16:50] 推送 e1_qwen3-vl-32b-awq_ucf_channelB.csv                   10349 B
[09-22 00:16:50] 推送 e1_qwen3-vl-32b-awq_ucf_enum.csv                        7787 B
[09-22 00:16:50] 推送 e1_qwen3-vl-32b-awq_ucf_enumAbstain.csv                 8909 B
[09-22 00:16:50] 推送 e1_qwen3-vl-32b-awq_ucf_locate.csv                      7429 B
[09-22 00:16:50] 推送 e1_qwen3-vl-32b-awq_ucf_permit.csv                     37117 B
[09-22 00:16:50] 推送 e1_qwen3-vl-32b-awq_ucf_permitB.csv                     8911 B
[09-22 00:16:50] 推送 e1_qwen3-vl-32b-awq_ucf_permitC.csv                     8904 B
[09-22 00:16:50] 推送 e1_qwen3-vl-32b-awq_visdrone_base.csv                  14583 B
[09-22 00:16:51] 推送 e1_qwen3-vl-32b-awq_visdrone_bestA.csv                 94549 B
[09-22 00:16:51] 推送 e1_qwen3-vl-32b-awq_visdrone_bestB.csv                 14801 B
[09-22 00:16:51] 推送 e1_qwen3-vl-32b-awq_visdrone_bestC.csv                 14904 B
[09-22 00:16:51] 推送 e1_qwen3-vl-32b-awq_visdrone_channel.csv               19092 B
[09-22 00:16:51] 推送 e1_qwen3-vl-32b-awq_visdrone_enum.csv                  14611 B
[09-22 00:16:51] 推送 e1_qwen3-vl-32b-awq_visdrone_enumAbstain.csv           17022 B
[09-22 00:16:51] 推送 e1_qwen3-vl-32b-awq_visdrone_locate.csv                14611 B
[09-22 00:16:51] 推送 e1_qwen3-vl-32b-awq_visdrone_permit.csv                17046 B
[09-22 00:16:52] 推送 e1_qwen3-vl-32b-bf16_aitod_base.csv                     9264 B
[09-22 00:16:52] 推送 e1_qwen3-vl-32b-bf16_aitod_bestA.csv                   50759 B
[09-22 00:16:52] 推送 e1_qwen3-vl-32b-bf16_aitod_bestB.csv                    9371 B
[09-22 00:16:52] 推送 e1_qwen3-vl-32b-bf16_aitod_bestC.csv                    9417 B
[09-22 00:16:52] 推送 e1_qwen3-vl-32b-bf16_aitod_channel.csv                 11691 B
[09-22 00:16:52] 推送 e1_qwen3-vl-32b-bf16_aitod_enum.csv                     9272 B
[09-22 00:16:52] 推送 e1_qwen3-vl-32b-bf16_aitod_enumAbstain.csv             10420 B
[09-22 00:16:53] 推送 e1_qwen3-vl-32b-bf16_aitod_locate.csv                   9266 B
[09-22 00:16:53] 推送 e1_qwen3-vl-32b-bf16_aitod_permit.csv                  10635 B
[09-22 00:16:53] 推送 e1_qwen3-vl-32b-bf16_countbench_base.csv                 295 B
[09-22 00:16:53] 推送 e1_qwen3-vl-32b-bf16_countbench_bestA.csv               1276 B
[09-22 00:16:53] 推送 e1_qwen3-vl-32b-bf16_countbench_bestB.csv                295 B
[09-22 00:16:53] 推送 e1_qwen3-vl-32b-bf16_countbench_bestC.csv                293 B
[09-22 00:16:53] 推送 e1_qwen3-vl-32b-bf16_countbench_channel.csv              379 B
[09-22 00:16:53] 推送 e1_qwen3-vl-32b-bf16_countbench_enum.csv                 295 B
[09-22 00:16:54] 推送 e1_qwen3-vl-32b-bf16_countbench_enumAbstain.csv          295 B
[09-22 00:16:54] 推送 e1_qwen3-vl-32b-bf16_countbench_locate.csv               295 B
[09-22 00:16:54] 推送 e1_qwen3-vl-32b-bf16_countbench_permit.csv               331 B
[09-22 00:16:54] 推送 e1_qwen3-vl-32b-bf16_st_a_base.csv                     17589 B
[09-22 00:16:54] 推送 e1_qwen3-vl-32b-bf16_st_a_bestA.csv                    36412 B
[09-22 00:16:54] 推送 e1_qwen3-vl-32b-bf16_st_a_bestB.csv                     4589 B
[09-22 00:16:54] 推送 e1_qwen3-vl-32b-bf16_st_a_bestC.csv                     4605 B
[09-22 00:16:55] 推送 e1_qwen3-vl-32b-bf16_st_a_channel.csv                  23793 B
[09-22 00:16:55] 推送 e1_qwen3-vl-32b-bf16_st_a_channelB.csv                  5755 B
[09-22 00:16:55] 推送 e1_qwen3-vl-32b-bf16_st_a_enum.csv                      3982 B
[09-22 00:16:55] 推送 e1_qwen3-vl-32b-bf16_st_a_enumAbstain.csv               4927 B
[09-22 00:16:55] 推送 e1_qwen3-vl-32b-bf16_st_a_locate.csv                    4094 B
[09-22 00:16:55] 推送 e1_qwen3-vl-32b-bf16_st_a_permit.csv                   20517 B
[09-22 00:16:55] 推送 e1_qwen3-vl-32b-bf16_st_a_permitB.csv                   4918 B
[09-22 00:16:55] 推送 e1_qwen3-vl-32b-bf16_st_a_permitC.csv                   4920 B
[09-22 00:16:56] 推送 e1_qwen3-vl-32b-bf16_ucf_base.csv                       7592 B
[09-22 00:16:56] 推送 e1_qwen3-vl-32b-bf16_ucf_bestA.csv                     67592 B
[09-22 00:16:56] 推送 e1_qwen3-vl-32b-bf16_ucf_bestB.csv                      8396 B
[09-22 00:16:56] 推送 e1_qwen3-vl-32b-bf16_ucf_bestC.csv                      8416 B
[09-22 00:16:56] 推送 e1_qwen3-vl-32b-bf16_ucf_channel.csv                   10343 B
[09-22 00:16:56] 推送 e1_qwen3-vl-32b-bf16_ucf_channelB.csv                  10345 B
[09-22 00:16:56] 推送 e1_qwen3-vl-32b-bf16_ucf_enum.csv                       7284 B
[09-22 00:16:56] 推送 e1_qwen3-vl-32b-bf16_ucf_enumAbstain.csv                8900 B
[09-22 00:16:57] 推送 e1_qwen3-vl-32b-bf16_ucf_locate.csv                     7608 B
[09-22 00:16:57] 推送 e1_qwen3-vl-32b-bf16_ucf_permit.csv                     8902 B
[09-22 00:16:57] 推送 e1_qwen3-vl-32b-bf16_ucf_permitB.csv                    8897 B
[09-22 00:16:57] 推送 e1_qwen3-vl-32b-bf16_ucf_permitC.csv                    8907 B
[09-22 00:16:57] 推送 e1_qwen3-vl-32b-bf16_visdrone_base.csv                 14612 B
[09-22 00:16:57] 推送 e1_qwen3-vl-32b-bf16_visdrone_bestA.csv                96571 B
[09-22 00:16:57] 推送 e1_qwen3-vl-32b-bf16_visdrone_bestB.csv                14808 B
[09-22 00:16:58] 推送 e1_qwen3-vl-32b-bf16_visdrone_bestC.csv                14917 B
[09-22 00:16:58] 推送 e1_qwen3-vl-32b-bf16_visdrone_channel.csv              18919 B
[09-22 00:16:58] 推送 e1_qwen3-vl-32b-bf16_visdrone_enum.csv                 14609 B
[09-22 00:16:58] 推送 e1_qwen3-vl-32b-bf16_visdrone_enumAbstain.csv          16992 B
[09-22 00:16:58] 推送 e1_qwen3-vl-32b-bf16_visdrone_locate.csv               14595 B
[09-22 00:16:58] 推送 e1_qwen3-vl-32b-bf16_visdrone_permit.csv               17048 B
[09-22 00:16:58] 推送 e1_qwen3-vl-32b-fp8_aitod_base.csv                      9026 B
[09-22 00:16:58] 推送 e1_qwen3-vl-32b-fp8_aitod_bestA.csv                    47919 B
[09-22 00:16:59] 推送 e1_qwen3-vl-32b-fp8_aitod_bestB.csv                     9101 B
[09-22 00:16:59] 推送 e1_qwen3-vl-32b-fp8_aitod_bestC.csv                     9141 B
[09-22 00:16:59] 推送 e1_qwen3-vl-32b-fp8_aitod_channel.csv                  11375 B
[09-22 00:16:59] 推送 e1_qwen3-vl-32b-fp8_aitod_permit.csv                   10359 B
[09-22 00:16:59] 推送 e1_qwen3-vl-32b-fp8_st_a_base.csv                       4113 B
[09-22 00:16:59] 推送 e1_qwen3-vl-32b-fp8_st_a_bestA.csv                     36364 B
[09-22 00:16:59] 推送 e1_qwen3-vl-32b-fp8_st_a_bestB.csv                      4600 B
[09-22 00:16:59] 推送 e1_qwen3-vl-32b-fp8_st_a_bestC.csv                      4610 B
[09-22 00:17:00] 推送 e1_qwen3-vl-32b-fp8_st_a_channel.csv                    5742 B
[09-22 00:17:00] 推送 e1_qwen3-vl-32b-fp8_st_a_channelB.csv                   5744 B
[09-22 00:17:00] 推送 e1_qwen3-vl-32b-fp8_st_a_permit.csv                     4903 B
[09-22 00:17:00] 推送 e1_qwen3-vl-32b-fp8_st_a_permitB.csv                    4917 B
[09-22 00:17:00] 推送 e1_qwen3-vl-32b-fp8_st_a_permitC.csv                    4921 B
[09-22 00:17:00] 推送 e1_qwen3-vl-32b-fp8_ucf_base.csv                        7497 B
[09-22 00:17:00] 推送 e1_qwen3-vl-32b-fp8_ucf_bestA.csv                      66028 B
[09-22 00:17:01] 推送 e1_qwen3-vl-32b-fp8_ucf_bestB.csv                       8386 B
[09-22 00:17:01] 推送 e1_qwen3-vl-32b-fp8_ucf_bestC.csv                       8409 B
[09-22 00:17:01] 推送 e1_qwen3-vl-32b-fp8_ucf_channel.csv                    10348 B
[09-22 00:17:01] 推送 e1_qwen3-vl-32b-fp8_ucf_channelB.csv                   10341 B
[09-22 00:17:01] 推送 e1_qwen3-vl-32b-fp8_ucf_permit.csv                      8907 B
[09-22 00:17:01] 推送 e1_qwen3-vl-32b-fp8_ucf_permitB.csv                     8901 B
[09-22 00:17:01] 推送 e1_qwen3-vl-32b-fp8_ucf_permitC.csv                     8909 B
[09-22 00:17:01] 推送 e1_qwen3-vl-32b-fp8_visdrone_base.csv                   7965 B
[09-22 00:17:02] 推送 e1_qwen3-vl-32b-fp8_visdrone_bestA.csv                 48652 B
[09-22 00:17:02] 推送 e1_qwen3-vl-32b-fp8_visdrone_bestB.csv                  8000 B
[09-22 00:17:02] 推送 e1_qwen3-vl-32b-fp8_visdrone_bestC.csv                  8034 B
[09-22 00:17:02] 推送 e1_qwen3-vl-32b-fp8_visdrone_channel.csv               10281 B
[09-22 00:17:02] 推送 e1_qwen3-vl-32b-fp8_visdrone_permit.csv                 9312 B
[09-22 00:17:02] 推送 e1_qwen3-vl-32b-gptq_aitod_base.csv                     9037 B
[09-22 00:17:02] 推送 e1_qwen3-vl-32b-gptq_aitod_bestA.csv                   45985 B
[09-22 00:17:02] 推送 e1_qwen3-vl-32b-gptq_aitod_bestB.csv                    9096 B
[09-22 00:17:03] 推送 e1_qwen3-vl-32b-gptq_aitod_bestC.csv                    9190 B
[09-22 00:17:03] 推送 e1_qwen3-vl-32b-gptq_aitod_channel.csv                 11383 B
[09-22 00:17:03] 推送 e1_qwen3-vl-32b-gptq_aitod_permit.csv                  10336 B
[09-22 00:17:03] 推送 e1_qwen3-vl-32b-gptq_st_a_base.csv                      4556 B
[09-22 00:17:03] 推送 e1_qwen3-vl-32b-gptq_st_a_bestA.csv                    33778 B
[09-22 00:17:03] 推送 e1_qwen3-vl-32b-gptq_st_a_bestB.csv                     4589 B
[09-22 00:17:03] 推送 e1_qwen3-vl-32b-gptq_st_a_bestC.csv                     4625 B
[09-22 00:17:04] 推送 e1_qwen3-vl-32b-gptq_st_a_channel.csv                   5738 B
[09-22 00:17:04] 推送 e1_qwen3-vl-32b-gptq_st_a_permit.csv                    4928 B
[09-22 00:17:04] 推送 e1_qwen3-vl-32b-gptq_ucf_base.csv                       8314 B
[09-22 00:17:04] 推送 e1_qwen3-vl-32b-gptq_ucf_bestA.csv                     63181 B
[09-22 00:17:04] 推送 e1_qwen3-vl-32b-gptq_ucf_bestB.csv                      8404 B
[09-22 00:17:04] 推送 e1_qwen3-vl-32b-gptq_ucf_bestC.csv                      8443 B
[09-22 00:17:04] 推送 e1_qwen3-vl-32b-gptq_ucf_channel.csv                   10342 B
[09-22 00:17:04] 推送 e1_qwen3-vl-32b-gptq_ucf_permit.csv                     8904 B
[09-22 00:17:05] 推送 e1_qwen3-vl-32b-gptq_visdrone_base.csv                  7981 B
[09-22 00:17:05] 推送 e1_qwen3-vl-32b-gptq_visdrone_bestA.csv                47214 B
[09-22 00:17:05] 推送 e1_qwen3-vl-32b-gptq_visdrone_bestB.csv                 7996 B
[09-22 00:17:05] 推送 e1_qwen3-vl-32b-gptq_visdrone_bestC.csv                 8031 B
[09-22 00:17:05] 推送 e1_qwen3-vl-32b-gptq_visdrone_channel.csv              10275 B
[09-22 00:17:05] 推送 e1_qwen3-vl-32b-gptq_visdrone_permit.csv                9327 B
[09-22 00:17:05] 推送 e1_qwen3-vl-4b_aitod_base.csv                           9256 B
[09-22 00:17:05] 推送 e1_qwen3-vl-4b_aitod_bestA.csv                         34172 B
[09-22 00:17:06] 推送 e1_qwen3-vl-4b_aitod_bestB.csv                          9345 B
[09-22 00:17:06] 推送 e1_qwen3-vl-4b_aitod_bestC.csv                          9616 B
[09-22 00:17:06] 推送 e1_qwen3-vl-4b_aitod_channel.csv                       11888 B
[09-22 00:17:06] 推送 e1_qwen3-vl-4b_aitod_permit.csv                        10594 B
[09-22 00:17:06] 推送 e1_qwen3-vl-4b_countbench_base.csv                       294 B
[09-22 00:17:06] 推送 e1_qwen3-vl-4b_countbench_bestA.csv                      769 B
[09-22 00:17:06] 推送 e1_qwen3-vl-4b_countbench_bestB.csv                      295 B
[09-22 00:17:07] 推送 e1_qwen3-vl-4b_countbench_bestC.csv                      303 B
[09-22 00:17:07] 推送 e1_qwen3-vl-4b_countbench_channel.csv                    379 B
[09-22 00:17:07] 推送 e1_qwen3-vl-4b_countbench_permit.csv                     340 B
[09-22 00:17:07] 推送 e1_qwen3-vl-4b_st_a_base.csv                            4335 B
[09-22 00:17:07] 推送 e1_qwen3-vl-4b_st_a_bestA.csv                          23405 B
[09-22 00:17:07] 推送 e1_qwen3-vl-4b_st_a_bestB.csv                           4575 B
[09-22 00:17:07] 推送 e1_qwen3-vl-4b_st_a_bestC.csv                           5027 B
[09-22 00:17:07] 推送 e1_qwen3-vl-4b_st_a_channel.csv                         6025 B
[09-22 00:17:08] 推送 e1_qwen3-vl-4b_st_a_permit.csv                          4932 B
[09-22 00:17:08] 推送 e1_qwen3-vl-4b_ucf_base.csv                             8052 B
[09-22 00:17:08] 推送 e1_qwen3-vl-4b_ucf_bestA.csv                           40115 B
[09-22 00:17:08] 推送 e1_qwen3-vl-4b_ucf_bestB.csv                            8326 B
[09-22 00:17:08] 推送 e1_qwen3-vl-4b_ucf_bestC.csv                            9114 B
[09-22 00:17:08] 推送 e1_qwen3-vl-4b_ucf_channel.csv                         10811 B
[09-22 00:17:08] 推送 e1_qwen3-vl-4b_ucf_permit.csv                           8904 B
[09-22 00:17:08] 推送 e1_qwen3-vl-4b_visdrone_base.csv                       14627 B
[09-22 00:17:09] 推送 e1_qwen3-vl-4b_visdrone_bestA.csv                      62294 B
[09-22 00:17:09] 推送 e1_qwen3-vl-4b_visdrone_bestB.csv                      14737 B
[09-22 00:17:09] 推送 e1_qwen3-vl-4b_visdrone_bestC.csv                      15326 B
[09-22 00:17:09] 推送 e1_qwen3-vl-4b_visdrone_channel.csv                    19064 B
[09-22 00:17:09] 推送 e1_qwen3-vl-4b_visdrone_permit.csv                     17073 B
[09-22 00:17:09] 推送 e1_qwen3-vl-8b-awq_aitod_base.csv                       9233 B
[09-22 00:17:09] 推送 e1_qwen3-vl-8b-awq_aitod_bestA.csv                     25636 B
[09-22 00:17:10] 推送 e1_qwen3-vl-8b-awq_aitod_bestB.csv                      9114 B
[09-22 00:17:10] 推送 e1_qwen3-vl-8b-awq_aitod_bestC.csv                      9244 B
[09-22 00:17:10] 推送 e1_qwen3-vl-8b-awq_aitod_channel.csv                   11433 B
[09-22 00:17:10] 推送 e1_qwen3-vl-8b-awq_aitod_permit.csv                    10358 B
[09-22 00:17:10] 推送 e1_qwen3-vl-8b-awq_st_a_base.csv                       18082 B
[09-22 00:17:10] 推送 e1_qwen3-vl-8b-awq_st_a_bestA.csv                      15762 B
[09-22 00:17:10] 推送 e1_qwen3-vl-8b-awq_st_a_bestB.csv                       4543 B
[09-22 00:17:10] 推送 e1_qwen3-vl-8b-awq_st_a_bestC.csv                       4598 B
[09-22 00:17:11] 推送 e1_qwen3-vl-8b-awq_st_a_channel.csv                    23805 B
[09-22 00:17:11] 推送 e1_qwen3-vl-8b-awq_st_a_channelB.csv                    5752 B
[09-22 00:17:11] 推送 e1_qwen3-vl-8b-awq_st_a_permit.csv                     20531 B
[09-22 00:17:11] 推送 e1_qwen3-vl-8b-awq_st_a_permitB.csv                     4929 B
[09-22 00:17:11] 推送 e1_qwen3-vl-8b-awq_st_a_permitC.csv                     4921 B
[09-22 00:17:11] 推送 e1_qwen3-vl-8b-awq_ucf_base.csv                         7890 B
[09-22 00:17:11] 推送 e1_qwen3-vl-8b-awq_ucf_bestA.csv                       25957 B
[09-22 00:17:11] 推送 e1_qwen3-vl-8b-awq_ucf_bestB.csv                        8332 B
[09-22 00:17:12] 推送 e1_qwen3-vl-8b-awq_ucf_bestC.csv                        8446 B
[09-22 00:17:12] 推送 e1_qwen3-vl-8b-awq_ucf_channel.csv                     10342 B
[09-22 00:17:12] 推送 e1_qwen3-vl-8b-awq_ucf_channelB.csv                    10348 B
[09-22 00:17:12] 推送 e1_qwen3-vl-8b-awq_ucf_permit.csv                       8903 B
[09-22 00:17:12] 推送 e1_qwen3-vl-8b-awq_ucf_permitB.csv                      8911 B
[09-22 00:17:12] 推送 e1_qwen3-vl-8b-awq_ucf_permitC.csv                      8909 B
[09-22 00:17:12] 推送 e1_qwen3-vl-8b-awq_visdrone_base.csv                    8087 B
[09-22 00:17:13] 推送 e1_qwen3-vl-8b-awq_visdrone_bestA.csv                  25624 B
[09-22 00:17:13] 推送 e1_qwen3-vl-8b-awq_visdrone_bestB.csv                   7996 B
[09-22 00:17:13] 推送 e1_qwen3-vl-8b-awq_visdrone_bestC.csv                   8088 B
[09-22 00:17:13] 推送 e1_qwen3-vl-8b-awq_visdrone_channel.csv                10366 B
[09-22 00:17:13] 推送 e1_qwen3-vl-8b-awq_visdrone_permit.csv                  9330 B
[09-22 00:17:13] 推送 e1_qwen3-vl-8b-bf16_st_a_base.csv                       4233 B
[09-22 00:17:13] 推送 e1_qwen3-vl-8b-bf16_st_a_bestA.csv                     18646 B
[09-22 00:17:13] 推送 e1_qwen3-vl-8b-bf16_st_a_bestB.csv                      4564 B
[09-22 00:17:14] 推送 e1_qwen3-vl-8b-bf16_st_a_bestC.csv                      4609 B
[09-22 00:17:14] 推送 e1_qwen3-vl-8b-bf16_st_a_channel.csv                    5754 B
[09-22 00:17:14] 推送 e1_qwen3-vl-8b-bf16_st_a_permit.csv                     4930 B
[09-22 00:17:14] 推送 e1_qwen3-vl-8b-bf16_ucf_base.csv                        7753 B
[09-22 00:17:14] 推送 e1_qwen3-vl-8b-bf16_ucf_bestA.csv                      31313 B
[09-22 00:17:14] 推送 e1_qwen3-vl-8b-bf16_ucf_bestB.csv                       8351 B
[09-22 00:17:14] 推送 e1_qwen3-vl-8b-bf16_ucf_bestC.csv                       8482 B
[09-22 00:17:14] 推送 e1_qwen3-vl-8b-bf16_ucf_channel.csv                    10340 B
[09-22 00:17:15] 推送 e1_qwen3-vl-8b-bf16_ucf_permit.csv                      8911 B
[09-22 00:17:15] 推送 nz__e1_internvl25-8b-awq_aitod_base.csv                 5313 B
[09-22 00:17:15] 推送 nz__e1_internvl25-8b-awq_aitod_channel.csv              6428 B
[09-22 00:17:15] 推送 nz__e1_internvl25-8b-awq_aitod_permit.csv               4963 B
[09-22 00:17:15] 推送 nz__e1_internvl25-8b-awq_st_a_base.csv                  3937 B
[09-22 00:17:15] 推送 nz__e1_internvl25-8b-awq_st_a_channel.csv               4620 B
[09-22 00:17:15] 推送 nz__e1_internvl25-8b-awq_st_a_permit.csv                3774 B
[09-22 00:17:16] 推送 nz__e1_internvl25-8b-awq_st_b_base.csv                 16548 B
[09-22 00:17:16] 推送 nz__e1_internvl25-8b-awq_st_b_channel.csv              20987 B
[09-22 00:17:16] 推送 nz__e1_internvl25-8b-awq_st_b_permit.csv               14920 B
[09-22 00:17:16] 推送 nz__e1_internvl25-8b-awq_ucf_base.csv                   8394 B
[09-22 00:17:16] 推送 nz__e1_internvl25-8b-awq_ucf_channel.csv                9744 B
[09-22 00:17:16] 推送 nz__e1_internvl25-8b-awq_ucf_permit.csv                 7567 B
[09-22 00:17:16] 推送 nz__e1_internvl25-8b-awq_visdrone_base.csv              8498 B
[09-22 00:17:16] 推送 nz__e1_internvl25-8b-awq_visdrone_channel.csv          10475 B
[09-22 00:17:17] 推送 nz__e1_internvl25-8b-awq_visdrone_permit.csv            7923 B
[09-22 00:17:17] 推送 nz__e1_internvl35-38b-fp8_st_a_base.csv                 4375 B
[09-22 00:17:17] 推送 nz__e1_internvl35-38b-fp8_st_a_channel.csv              5244 B
[09-22 00:17:17] 推送 nz__e1_internvl35-38b-fp8_st_a_permit.csv               4319 B
[09-22 00:17:17] 推送 nz__e1_internvl35-38b-fp8_ucf_base.csv                  8735 B
[09-22 00:17:17] 推送 nz__e1_internvl35-38b-fp8_ucf_channel.csv              10596 B
[09-22 00:17:17] 推送 nz__e1_internvl35-38b-fp8_ucf_permit.csv                8758 B
[09-22 00:17:17] 推送 nz__e1_qwen25vl-72b-awq_aitod_base.csv                  5517 B
[09-22 00:17:18] 推送 nz__e1_qwen25vl-72b-awq_aitod_channel.csv               5199 B
[09-22 00:17:18] 推送 nz__e1_qwen25vl-72b-awq_aitod_permit.csv                5402 B
[09-22 00:17:18] 推送 nz__e1_qwen25vl-72b-awq_st_a_base.csv                   4486 B
[09-22 00:17:18] 推送 nz__e1_qwen25vl-72b-awq_st_a_channel.csv                4402 B
[09-22 00:17:18] 推送 nz__e1_qwen25vl-72b-awq_st_a_permit.csv                 3774 B
[09-22 00:17:18] 推送 nz__e1_qwen25vl-72b-awq_ucf_base.csv                    8892 B
[09-22 00:17:18] 推送 nz__e1_qwen25vl-72b-awq_ucf_channel.csv                 8945 B
[09-22 00:17:19] 推送 nz__e1_qwen25vl-72b-awq_ucf_permit.csv                  7718 B
[09-22 00:17:19] 推送 nz__e1_qwen25vl-72b-awq_visdrone_base.csv               8764 B
[09-22 00:17:19] 推送 nz__e1_qwen25vl-72b-awq_visdrone_channel.csv            9052 B
[09-22 00:17:19] 推送 nz__e1_qwen25vl-72b-awq_visdrone_permit.csv             8749 B
[09-22 00:17:19] 推送 nz__e1_qwen25vl-7b-awq_st_a_base.csv                    4373 B
[09-22 00:17:19] 推送 nz__e1_qwen25vl-7b-awq_st_a_channel.csv                 4404 B
[09-22 00:17:19] 推送 nz__e1_qwen25vl-7b-awq_st_a_permit.csv                  3780 B
[09-22 00:17:19] 推送 nz__e1_qwen25vl-7b-awq_ucf_base.csv                     8525 B
[09-22 00:17:20] 推送 nz__e1_qwen25vl-7b-awq_ucf_channel.csv                  8800 B
[09-22 00:17:20] 推送 nz__e1_qwen25vl-7b-awq_ucf_permit.csv                   7564 B
[09-22 00:17:20] 推送 nz__e1_qwen3-vl-2b_st_a_base.csv                        4737 B
[09-22 00:17:20] 推送 nz__e1_qwen3-vl-2b_st_a_channel.csv                     5344 B
[09-22 00:17:20] 推送 nz__e1_qwen3-vl-2b_st_a_permit.csv                      4667 B
[09-22 00:17:20] 推送 nz__e1_qwen3-vl-2b_ucf_base.csv                         9378 B
[09-22 00:17:20] 推送 nz__e1_qwen3-vl-2b_ucf_channel.csv                     10617 B
[09-22 00:17:20] 推送 nz__e1_qwen3-vl-2b_ucf_permit.csv                       9235 B
[09-22 00:17:21] 推送 nz__e1_qwen3-vl-30b-a3b-fp8_st_a_base.csv               4303 B
[09-22 00:17:21] 推送 nz__e1_qwen3-vl-30b-a3b-fp8_st_a_channel.csv            5174 B
[09-22 00:17:21] 推送 nz__e1_qwen3-vl-30b-a3b-fp8_st_a_permit.csv             3926 B
[09-22 00:17:21] 推送 nz__e1_qwen3-vl-30b-a3b-fp8_ucf_base.csv                8546 B
[09-22 00:17:21] 推送 nz__e1_qwen3-vl-30b-a3b-fp8_ucf_channel.csv            10525 B
[09-22 00:17:21] 推送 nz__e1_qwen3-vl-30b-a3b-fp8_ucf_permit.csv              8755 B
[09-22 00:17:21] 推送 nz__e1_qwen3-vl-32b-awq8_aitod_base.csv                 4478 B
[09-22 00:17:22] 推送 nz__e1_qwen3-vl-32b-awq8_aitod_channel.csv              5272 B
[09-22 00:17:22] 推送 nz__e1_qwen3-vl-32b-awq8_aitod_permit.csv               4769 B
[09-22 00:17:22] 推送 nz__e1_qwen3-vl-32b-awq8_st_a_base.csv                  3355 B
[09-22 00:17:22] 推送 nz__e1_qwen3-vl-32b-awq8_st_a_channel.csv               4394 B
[09-22 00:17:22] 推送 nz__e1_qwen3-vl-32b-awq8_st_a_permit.csv                3768 B
[09-22 00:17:22] 推送 nz__e1_qwen3-vl-32b-awq8_ucf_base.csv                   6769 B
[09-22 00:17:22] 推送 nz__e1_qwen3-vl-32b-awq8_ucf_channel.csv                8799 B
[09-22 00:17:22] 推送 nz__e1_qwen3-vl-32b-awq8_ucf_permit.csv                 7557 B
[09-22 00:17:23] 推送 nz__e1_qwen3-vl-32b-awq8_visdrone_base.csv              7033 B
[09-22 00:17:23] 推送 nz__e1_qwen3-vl-32b-awq8_visdrone_channel.csv           8589 B
[09-22 00:17:23] 推送 nz__e1_qwen3-vl-32b-awq8_visdrone_permit.csv            7650 B
[09-22 00:17:23] 推送 nz__e1_qwen3-vl-32b-awq_aitod_base.csv                  4476 B
[09-22 00:17:23] 推送 nz__e1_qwen3-vl-32b-awq_aitod_channel.csv               5329 B
[09-22 00:17:23] 推送 nz__e1_qwen3-vl-32b-awq_aitod_permit.csv                4777 B
[09-22 00:17:23] 推送 nz__e1_qwen3-vl-32b-awq_countbench_base.csv            20924 B
[09-22 00:17:23] 推送 nz__e1_qwen3-vl-32b-awq_countbench_channel.csv         26361 B
[09-22 00:17:24] 推送 nz__e1_qwen3-vl-32b-awq_countbench_permit.csv          21057 B
[09-22 00:17:24] 推送 nz__e1_qwen3-vl-32b-awq_st_a_base.csv                   3360 B
[09-22 00:17:24] 推送 nz__e1_qwen3-vl-32b-awq_st_a_channel.csv                4390 B
[09-22 00:17:24] 推送 nz__e1_qwen3-vl-32b-awq_st_a_permit.csv                 3766 B
[09-22 00:17:24] 推送 nz__e1_qwen3-vl-32b-awq_ucf_base.csv                    6766 B
[09-22 00:17:24] 推送 nz__e1_qwen3-vl-32b-awq_ucf_channel.csv                 8798 B
[09-22 00:17:24] 推送 nz__e1_qwen3-vl-32b-awq_ucf_permit.csv                  7562 B
[09-22 00:17:25] 推送 nz__e1_qwen3-vl-32b-awq_visdrone_base.csv               7018 B
[09-22 00:17:25] 推送 nz__e1_qwen3-vl-32b-awq_visdrone_channel.csv            8603 B
[09-22 00:17:25] 推送 nz__e1_qwen3-vl-32b-awq_visdrone_permit.csv             7624 B
[09-22 00:17:25] 推送 nz__e1_qwen3-vl-32b-bf16_aitod_base.csv                 4476 B
[09-22 00:17:25] 推送 nz__e1_qwen3-vl-32b-bf16_aitod_channel.csv              5265 B
[09-22 00:17:25] 推送 nz__e1_qwen3-vl-32b-bf16_aitod_permit.csv               4778 B
[09-22 00:17:25] 推送 nz__e1_qwen3-vl-32b-bf16_countbench_base.csv           20929 B
[09-22 00:17:25] 推送 nz__e1_qwen3-vl-32b-bf16_countbench_channel.csv        26366 B
[09-22 00:17:26] 推送 nz__e1_qwen3-vl-32b-bf16_countbench_permit.csv         21020 B
[09-22 00:17:26] 推送 nz__e1_qwen3-vl-32b-bf16_st_a_base.csv                  3348 B
[09-22 00:17:26] 推送 nz__e1_qwen3-vl-32b-bf16_st_a_channel.csv               4398 B
[09-22 00:17:26] 推送 nz__e1_qwen3-vl-32b-bf16_st_a_permit.csv                3773 B
[09-22 00:17:26] 推送 nz__e1_qwen3-vl-32b-bf16_st_b_base.csv                 12896 B
[09-22 00:17:26] 推送 nz__e1_qwen3-vl-32b-bf16_st_b_channel.csv              16833 B
[09-22 00:17:26] 推送 nz__e1_qwen3-vl-32b-bf16_st_b_permit.csv               14634 B
[09-22 00:17:26] 推送 nz__e1_qwen3-vl-32b-bf16_ucf_base.csv                   6763 B
[09-22 00:17:27] 推送 nz__e1_qwen3-vl-32b-bf16_ucf_channel.csv                8797 B
[09-22 00:17:27] 推送 nz__e1_qwen3-vl-32b-bf16_ucf_permit.csv                 7564 B
[09-22 00:17:27] 推送 nz__e1_qwen3-vl-32b-bf16_visdrone_base.csv              7024 B
[09-22 00:17:27] 推送 nz__e1_qwen3-vl-32b-bf16_visdrone_channel.csv           8585 B
[09-22 00:17:27] 推送 nz__e1_qwen3-vl-32b-bf16_visdrone_permit.csv            7645 B
[09-22 00:17:27] 推送 nz__e1_qwen3-vl-32b-fp8_aitod_base.csv                  4472 B
[09-22 00:17:27] 推送 nz__e1_qwen3-vl-32b-fp8_aitod_channel.csv               5255 B
[09-22 00:17:28] 推送 nz__e1_qwen3-vl-32b-fp8_aitod_permit.csv                4749 B
[09-22 00:17:28] 推送 nz__e1_qwen3-vl-32b-fp8_st_a_base.csv                   3342 B
[09-22 00:17:28] 推送 nz__e1_qwen3-vl-32b-fp8_st_a_channel.csv                4400 B
[09-22 00:17:28] 推送 nz__e1_qwen3-vl-32b-fp8_st_a_permit.csv                 3771 B
[09-22 00:17:28] 推送 nz__e1_qwen3-vl-32b-fp8_ucf_base.csv                    6736 B
[09-22 00:17:28] 推送 nz__e1_qwen3-vl-32b-fp8_ucf_channel.csv                 8797 B
[09-22 00:17:28] 推送 nz__e1_qwen3-vl-32b-fp8_ucf_permit.csv                  7566 B
[09-22 00:17:28] 推送 nz__e1_qwen3-vl-32b-fp8_visdrone_base.csv               7033 B
[09-22 00:17:29] 推送 nz__e1_qwen3-vl-32b-fp8_visdrone_channel.csv            8522 B
[09-22 00:17:29] 推送 nz__e1_qwen3-vl-32b-fp8_visdrone_permit.csv             7593 B
[09-22 00:17:29] 推送 nz__e1_qwen3-vl-32b-gptq_aitod_base.csv                 4475 B
[09-22 00:17:29] 推送 nz__e1_qwen3-vl-32b-gptq_aitod_channel.csv              5262 B
[09-22 00:17:29] 推送 nz__e1_qwen3-vl-32b-gptq_aitod_permit.csv               4674 B
[09-22 00:17:29] 推送 nz__e1_qwen3-vl-32b-gptq_st_a_base.csv                  3363 B
[09-22 00:17:29] 推送 nz__e1_qwen3-vl-32b-gptq_st_a_channel.csv               4402 B
[09-22 00:17:29] 推送 nz__e1_qwen3-vl-32b-gptq_st_a_permit.csv                3756 B
[09-22 00:17:30] 推送 nz__e1_qwen3-vl-32b-gptq_ucf_base.csv                   6784 B
[09-22 00:17:30] 推送 nz__e1_qwen3-vl-32b-gptq_ucf_channel.csv                8794 B
[09-22 00:17:30] 推送 nz__e1_qwen3-vl-32b-gptq_ucf_permit.csv                 7564 B
[09-22 00:17:30] 推送 nz__e1_qwen3-vl-32b-gptq_visdrone_base.csv              7040 B
[09-22 00:17:30] 推送 nz__e1_qwen3-vl-32b-gptq_visdrone_channel.csv           8620 B
[09-22 00:17:30] 推送 nz__e1_qwen3-vl-32b-gptq_visdrone_permit.csv            7550 B
[09-22 00:17:30] 推送 nz__e1_qwen3-vl-4b_st_a_base.csv                        3375 B
[09-22 00:17:31] 推送 nz__e1_qwen3-vl-4b_st_a_channel.csv                     4630 B
[09-22 00:17:31] 推送 nz__e1_qwen3-vl-4b_st_a_permit.csv                      3812 B
[09-22 00:17:31] 推送 nz__e1_qwen3-vl-4b_ucf_base.csv                         6794 B
[09-22 00:17:31] 推送 nz__e1_qwen3-vl-4b_ucf_channel.csv                      9244 B
[09-22 00:17:31] 推送 nz__e1_qwen3-vl-4b_ucf_permit.csv                       7546 B
[09-22 00:17:31] 推送 nz__e1_qwen3-vl-8b-awq_aitod_base.csv                   4518 B
[09-22 00:17:31] 推送 nz__e1_qwen3-vl-8b-awq_aitod_channel.csv                5615 B
[09-22 00:17:31] 推送 nz__e1_qwen3-vl-8b-awq_aitod_permit.csv                 4984 B
[09-22 00:17:32] 推送 nz__e1_qwen3-vl-8b-awq_st_a_base.csv                    3357 B
[09-22 00:17:32] 推送 nz__e1_qwen3-vl-8b-awq_st_a_channel.csv                 4405 B
[09-22 00:17:32] 推送 nz__e1_qwen3-vl-8b-awq_st_a_permit.csv                  3776 B
[09-22 00:17:32] 推送 nz__e1_qwen3-vl-8b-awq_ucf_base.csv                     6740 B
[09-22 00:17:32] 推送 nz__e1_qwen3-vl-8b-awq_ucf_channel.csv                  8792 B
[09-22 00:17:32] 推送 nz__e1_qwen3-vl-8b-awq_ucf_permit.csv                   7560 B
[09-22 00:17:32] 推送 nz__e1_qwen3-vl-8b-awq_visdrone_base.csv                7096 B
[09-22 00:17:33] 推送 nz__e1_qwen3-vl-8b-awq_visdrone_channel.csv             8976 B
[09-22 00:17:33] 推送 nz__e1_qwen3-vl-8b-awq_visdrone_permit.csv              7904 B
[09-22 00:17:33] 推送 nz__e1_qwen3-vl-8b-bf16_st_a_base.csv                   3354 B
[09-22 00:17:33] 推送 nz__e1_qwen3-vl-8b-bf16_st_a_channel.csv                4406 B
[09-22 00:17:33] 推送 nz__e1_qwen3-vl-8b-bf16_st_a_permit.csv                 3780 B
[09-22 00:17:33] 推送 nz__e1_qwen3-vl-8b-bf16_ucf_base.csv                    6675 B
[09-22 00:17:33] 推送 nz__e1_qwen3-vl-8b-bf16_ucf_channel.csv                 8794 B
[09-22 00:17:33] 推送 nz__e1_qwen3-vl-8b-bf16_ucf_permit.csv                  7562 B
