[02:43:35] ==== A) JHU-Crowd++ test ====
[02:43:35]   跳过（已有 34723 B）：image_labels.txt
[02:43:35]   image_labels.txt: True
[02:43:35]   test_data/images 共 1000 项
[02:43:35]   文件名单已写（1000 条）；前 3：['test_data/images/0002.jpg', 'test_data/images/0004.jpg', 'test_data/images/0005.jpg']
[02:43:38]   取到 0002.jpg                                                       0.33 MB
[02:43:40]   取到 0004.jpg                                                       0.11 MB
[02:43:42]   取到 0005.jpg                                                       0.23 MB
[02:43:44]   取到 0006.jpg                                                       0.17 MB
[02:43:46]   取到 0016.jpg                                                       0.26 MB
[02:43:47]   取到 0020.jpg                                                       0.35 MB
[02:43:49]   取到 0024.jpg                                                       0.23 MB
[02:43:52]   取到 0028.jpg                                                       1.25 MB
[02:43:54]   取到 0033.jpg                                                       0.20 MB
[02:43:56]   取到 0041.jpg                                                       1.08 MB
[02:43:57]   取到 0043.jpg                                                       1.01 MB
[02:43:59]   取到 0045.jpg                                                       0.41 MB
[02:44:01]   取到 0047.jpg                                                       1.52 MB
[02:44:03]   取到 0059.jpg                                                       0.29 MB
[02:44:05]   取到 0060.jpg                                                       0.38 MB
[02:44:07]   取到 0065.jpg                                                       0.22 MB
[02:44:10]   取到 0071.jpg                                                       1.99 MB
[02:44:12]   取到 0079.jpg                                                       0.57 MB
[02:44:14]   取到 0080.jpg                                                       0.05 MB
[02:44:16]   取到 0086.jpg                                                       1.17 MB
[02:44:18]   取到 0087.jpg                                                       0.51 MB
[02:44:20]   取到 0090.jpg                                                       2.16 MB
[02:44:22]   取到 0091.jpg                                                       2.03 MB
[02:44:23]   取到 0093.jpg                                                       0.33 MB
[02:44:25]   取到 0094.jpg                                                       0.39 MB
[02:44:27]   取到 0096.jpg                                                       0.24 MB
[02:44:28]   取到 0098.jpg                                                       2.20 MB
[02:44:30]   取到 0104.jpg                                                       0.06 MB
[02:44:32]   取到 0110.jpg                                                       0.38 MB
[02:44:34]   取到 0115.jpg                                                       0.15 MB
[02:44:36]   取到 0117.jpg                                                       0.59 MB
[02:44:37]   取到 0119.jpg                                                       0.72 MB
[02:44:39]   取到 0120.jpg                                                       0.22 MB
[02:44:42]   取到 0121.jpg                                                       1.28 MB
[02:44:44]   取到 0123.jpg                                                       0.19 MB
[02:44:46]   取到 0124.jpg                                                       0.48 MB
[02:44:48]   取到 0129.jpg                                                       1.86 MB
[02:44:50]   取到 0130.jpg                                                       0.75 MB
[02:44:52]   取到 0131.jpg                                                       0.08 MB
[02:44:54]   取到 0132.jpg                                                       0.59 MB
[02:44:55]   取到 0140.jpg                                                       0.13 MB
[02:45:00]   取到 0152.jpg                                                       2.00 MB
[02:45:02]   取到 0153.jpg                                                       0.53 MB
[02:45:04]   取到 0154.jpg                                                       0.77 MB
[02:45:06]   取到 0157.jpg                                                       0.78 MB
[02:45:07]   取到 0159.jpg                                                       0.50 MB
[02:45:09]   取到 0160.jpg                                                       0.56 MB
[02:45:12]   取到 0176.jpg                                                       2.10 MB
[02:45:14]   取到 0178.jpg                                                       0.59 MB
[02:45:16]   取到 0186.jpg                                                       2.11 MB
[02:45:16]   进度 50/400（成功 50）
[02:45:18]   取到 0195.jpg                                                       1.60 MB
[02:45:19]   取到 0202.jpg                                                       0.06 MB
[02:45:21]   取到 0211.jpg                                                       0.46 MB
[02:45:23]   取到 0212.jpg                                                       3.02 MB
[02:45:25]   取到 0216.jpg                                                       2.41 MB
[02:45:27]   取到 0218.jpg                                                       1.15 MB
[02:45:28]   取到 0222.jpg                                                       0.15 MB
[02:45:30]   取到 0223.jpg                                                       2.19 MB
[02:45:32]   取到 0226.jpg                                                       0.09 MB
[02:45:34]   取到 0227.jpg                                                       0.23 MB
[02:45:35]   取到 0229.jpg                                                       0.80 MB
[02:45:37]   取到 0234.jpg                                                       0.24 MB
[02:45:39]   取到 0236.jpg                                                       0.23 MB
[02:45:41]   取到 0237.jpg                                                       0.49 MB
[02:45:42]   取到 0238.jpg                                                       0.07 MB
[02:45:44]   取到 0240.jpg                                                       1.73 MB
[02:45:46]   取到 0242.jpg                                                       0.36 MB
[02:45:47]   取到 0244.jpg                                                       0.14 MB
[02:45:49]   取到 0245.jpg                                                       1.17 MB
[02:45:51]   取到 0252.jpg                                                       2.04 MB
[02:45:53]   取到 0253.jpg                                                       1.86 MB
[02:45:55]   取到 0254.jpg                                                       1.08 MB
[02:45:57]   取到 0256.jpg                                                       1.76 MB
[02:45:58]   取到 0257.jpg                                                       0.17 MB
[02:46:00]   取到 0258.jpg                                                       0.26 MB
[02:46:02]   取到 0259.jpg                                                       1.73 MB
[02:46:03]   取到 0262.jpg                                                       0.50 MB
[02:46:05]   取到 0263.jpg                                                       0.12 MB
[02:46:07]   取到 0264.jpg                                                       0.86 MB
[02:46:08]   取到 0265.jpg                                                       0.12 MB
[02:46:10]   取到 0269.jpg                                                       0.65 MB
[02:46:12]   取到 0273.jpg                                                       0.76 MB
[02:46:14]   取到 0275.jpg                                                       2.30 MB
[02:46:16]   取到 0279.jpg                                                       0.55 MB
[02:46:17]   取到 0281.jpg                                                       0.21 MB
[02:46:19]   取到 0286.jpg                                                       0.17 MB
[02:46:21]   取到 0288.jpg                                                       1.68 MB
[02:46:23]   取到 0291.jpg                                                       0.35 MB
[02:46:24]   取到 0293.jpg                                                       2.22 MB
[02:46:26]   取到 0294.jpg                                                       0.66 MB
[02:46:28]   取到 0297.jpg                                                       0.40 MB
[02:46:30]   取到 0299.jpg                                                       0.46 MB
[02:46:32]   取到 0301.jpg                                                       0.45 MB
[02:46:33]   取到 0303.jpg                                                       1.23 MB
[02:46:35]   取到 0306.jpg                                                       0.17 MB
[02:46:37]   取到 0307.jpg                                                       0.31 MB
[02:46:38]   取到 0308.jpg                                                       1.16 MB
[02:46:40]   取到 0309.jpg                                                       0.57 MB
[02:46:42]   取到 0311.jpg                                                       0.19 MB
[02:46:44]   取到 0312.jpg                                                       0.31 MB
[02:46:44]   进度 100/400（成功 100）
[02:46:45]   取到 0316.jpg                                                       0.54 MB
[02:46:47]   取到 0319.jpg                                                       0.46 MB
[02:46:49]   取到 0325.jpg                                                       0.23 MB
[02:46:51]   取到 0327.jpg                                                       1.04 MB
[02:46:54]   取到 0331.jpg                                                       0.17 MB
[02:46:55]   取到 0332.jpg                                                       0.03 MB
[02:46:57]   取到 0347.jpg                                                       0.40 MB
[02:46:59]   取到 0350.jpg                                                       0.09 MB
[02:47:00]   取到 0351.jpg                                                       0.12 MB
[02:47:02]   取到 0353.jpg                                                       0.28 MB
[02:47:04]   取到 0354.jpg                                                       0.20 MB
[02:47:06]   取到 0356.jpg                                                       0.58 MB
[02:47:07]   取到 0361.jpg                                                       0.23 MB
[02:47:09]   取到 0362.jpg                                                       0.76 MB
[02:47:11]   取到 0372.jpg                                                       0.53 MB
[02:47:12]   取到 0374.jpg                                                       2.48 MB
[02:47:14]   取到 0379.jpg                                                       0.36 MB
[02:47:17]   取到 0381.jpg                                                       0.60 MB
[02:47:19]   取到 0384.jpg                                                       0.17 MB
[02:47:20]   取到 0392.jpg                                                       0.11 MB
[02:47:22]   取到 0396.jpg                                                       2.14 MB
[02:47:24]   取到 0398.jpg                                                       0.98 MB
[02:47:25]   取到 0400.jpg                                                       0.20 MB
[02:47:27]   取到 0401.jpg                                                       0.25 MB
[02:47:29]   取到 0402.jpg                                                       2.19 MB
[02:47:31]   取到 0403.jpg                                                       0.60 MB
[02:47:33]   取到 0409.jpg                                                       0.62 MB
[02:47:35]   取到 0410.jpg                                                       0.16 MB
[02:47:37]   取到 0412.jpg                                                       1.07 MB
[02:47:38]   取到 0416.jpg                                                       0.35 MB
[02:47:40]   取到 0417.jpg                                                       1.03 MB
[02:47:42]   取到 0419.jpg                                                       0.59 MB
[02:47:43]   取到 0420.jpg                                                       0.15 MB
[02:47:45]   取到 0421.jpg                                                       0.15 MB
[02:47:47]   取到 0426.jpg                                                       0.25 MB
[02:47:49]   取到 0427.jpg                                                       0.69 MB
[02:47:51]   取到 0431.jpg                                                       0.68 MB
[02:47:53]   取到 0433.jpg                                                       1.65 MB
[02:47:55]   取到 0434.jpg                                                       1.77 MB
[02:47:56]   取到 0435.jpg                                                       0.37 MB
[02:47:58]   取到 0438.jpg                                                       0.29 MB
[02:48:00]   取到 0441.jpg                                                       2.51 MB
[02:48:05]   取到 0443.jpg                                                       0.78 MB
[02:48:07]   取到 0447.jpg                                                       1.76 MB
[02:48:09]   取到 0449.jpg                                                       0.62 MB
[02:48:10]   取到 0453.jpg                                                       0.42 MB
[02:48:12]   取到 0455.jpg                                                       0.12 MB
[02:48:14]   取到 0458.jpg                                                       0.17 MB
[02:48:15]   取到 0459.jpg                                                       0.32 MB
[02:48:17]   取到 0463.jpg                                                       0.33 MB
[02:48:17]   进度 150/400（成功 150）
[02:48:19]   取到 0464.jpg                                                       0.25 MB
[02:48:20]   取到 0466.jpg                                                       0.26 MB
[02:48:22]   取到 0469.jpg                                                       0.67 MB
[02:48:24]   取到 0470.jpg                                                       0.24 MB
[02:48:26]   取到 0471.jpg                                                       0.32 MB
[02:48:28]   取到 0473.jpg                                                       2.02 MB
[02:48:30]   取到 0479.jpg                                                       0.43 MB
[02:48:32]   取到 0483.jpg                                                       0.27 MB
[02:48:34]   取到 0492.jpg                                                       1.73 MB
[02:48:35]   取到 0493.jpg                                                       0.40 MB
[02:48:37]   取到 0494.jpg                                                       0.13 MB
[02:48:39]   取到 0495.jpg                                                       0.28 MB
[02:48:40]   取到 0503.jpg                                                       0.49 MB
[02:48:42]   取到 0504.jpg                                                       0.21 MB
[02:48:44]   取到 0505.jpg                                                       0.29 MB
[02:48:45]   取到 0510.jpg                                                       0.26 MB
[02:48:47]   取到 0511.jpg                                                       0.21 MB
[02:48:49]   取到 0515.jpg                                                       0.15 MB
[02:48:52]   取到 0516.jpg                                                       0.23 MB
[02:48:53]   取到 0519.jpg                                                       0.32 MB
[02:48:57]   取到 0520.jpg                                                       0.62 MB
[02:48:59]   取到 0527.jpg                                                       2.67 MB
[02:49:00]   取到 0529.jpg                                                       0.25 MB
[02:49:02]   取到 0533.jpg                                                       0.23 MB
[02:49:04]   取到 0535.jpg                                                       0.14 MB
[02:49:06]   取到 0538.jpg                                                       1.29 MB
[02:49:07]   取到 0540.jpg                                                       0.38 MB
[02:49:09]   取到 0542.jpg                                                       0.22 MB
[02:49:11]   取到 0544.jpg                                                       0.29 MB
[02:49:13]   取到 0547.jpg                                                       1.80 MB
[02:49:14]   取到 0549.jpg                                                       0.15 MB
[02:49:16]   取到 0550.jpg                                                       0.24 MB
[02:49:18]   取到 0552.jpg                                                       1.33 MB
[02:49:19]   取到 0555.jpg                                                       0.39 MB
[02:49:21]   取到 0561.jpg                                                       0.20 MB
[02:49:23]   取到 0563.jpg                                                       0.17 MB
[02:49:26]   取到 0565.jpg                                                       1.12 MB
[02:49:27]   取到 0567.jpg                                                       0.47 MB
[02:49:29]   取到 0568.jpg                                                       0.12 MB
[02:49:31]   取到 0569.jpg                                                       2.55 MB
[02:49:33]   取到 0571.jpg                                                       0.79 MB
[02:49:35]   取到 0574.jpg                                                       1.05 MB
[02:49:37]   取到 0576.jpg                                                       1.54 MB
[02:49:39]   取到 0577.jpg                                                       0.20 MB
[02:49:41]   取到 0581.jpg                                                       0.31 MB
[02:49:45]   取到 0582.jpg                                                       1.04 MB
[02:49:46]   取到 0584.jpg                                                       0.26 MB
[02:49:48]   取到 0586.jpg                                                       0.49 MB
[02:49:51]   取到 0587.jpg                                                       0.26 MB
[02:49:53]   取到 0588.jpg                                                       0.79 MB
[02:49:53]   进度 200/400（成功 200）
[02:49:54]   取到 0589.jpg                                                       0.22 MB
[02:49:56]   取到 0590.jpg                                                       0.27 MB
[02:49:58]   取到 0591.jpg                                                       0.47 MB
[02:50:00]   取到 0592.jpg                                                       1.23 MB
[02:50:01]   取到 0593.jpg                                                       0.24 MB
[02:50:03]   取到 0595.jpg                                                       0.17 MB
[02:50:05]   取到 0597.jpg                                                       0.16 MB
[02:50:08]   取到 0600.jpg                                                       0.52 MB
[02:50:10]   取到 0601.jpg                                                       1.37 MB
[02:50:12]   取到 0602.jpg                                                       0.34 MB
[02:50:14]   取到 0603.jpg                                                       0.20 MB
[02:50:15]   取到 0604.jpg                                                       0.45 MB
[02:50:17]   取到 0605.jpg                                                       1.88 MB
[02:50:19]   取到 0608.jpg                                                       3.07 MB
[02:50:21]   取到 0609.jpg                                                       0.20 MB
[02:50:23]   取到 0614.jpg                                                       0.41 MB
[02:50:25]   取到 0615.jpg                                                       0.15 MB
[02:50:26]   取到 0617.jpg                                                       0.20 MB
[02:50:29]   取到 0618.jpg                                                       0.17 MB
[02:50:30]   取到 0619.jpg                                                       0.36 MB
[02:50:32]   取到 0622.jpg                                                       0.67 MB
[02:50:34]   取到 0626.jpg                                                       0.43 MB
[02:50:36]   取到 0627.jpg                                                       0.41 MB
[02:50:37]   取到 0641.jpg                                                       0.74 MB
[02:50:39]   取到 0642.jpg                                                       0.05 MB
[02:50:40]   取到 0644.jpg                                                       0.09 MB
[02:50:42]   取到 0645.jpg                                                       0.32 MB
[02:50:44]   取到 0646.jpg                                                       0.80 MB
[02:50:47]   取到 0648.jpg                                                       2.57 MB
[02:50:49]   取到 0650.jpg                                                       0.38 MB
[02:50:51]   取到 0651.jpg                                                       0.17 MB
[02:50:52]   取到 0654.jpg                                                       0.53 MB
[02:50:54]   取到 0657.jpg                                                       0.64 MB
[02:50:56]   取到 0658.jpg                                                       2.94 MB
[02:50:58]   取到 0660.jpg                                                       1.61 MB
[02:51:00]   取到 0666.jpg                                                       1.09 MB
[02:51:02]   取到 0669.jpg                                                       0.21 MB
[02:51:03]   取到 0673.jpg                                                       1.38 MB
[02:51:07]   取到 0674.jpg                                                       1.84 MB
[02:51:09]   取到 0676.jpg                                                       0.19 MB
[02:51:10]   取到 0678.jpg                                                       0.27 MB
[02:51:12]   取到 0679.jpg                                                       0.13 MB
[02:51:14]   取到 0686.jpg                                                       2.04 MB
[02:51:16]   取到 0687.jpg                                                       0.31 MB
[02:51:17]   取到 0689.jpg                                                       0.22 MB
[02:51:19]   取到 0690.jpg                                                       1.51 MB
[02:51:21]   取到 0693.jpg                                                       0.61 MB
[02:51:22]   取到 0696.jpg                                                       0.10 MB
[02:51:24]   取到 0699.jpg                                                       0.37 MB
[02:51:26]   取到 0700.jpg                                                       0.29 MB
[02:51:26]   进度 250/400（成功 250）
[02:51:28]   取到 0701.jpg                                                       0.59 MB
[02:51:30]   取到 0704.jpg                                                       1.26 MB
[02:51:32]   取到 0705.jpg                                                       1.15 MB
[02:51:33]   取到 0707.jpg                                                       0.33 MB
[02:51:35]   取到 0709.jpg                                                       0.14 MB
[02:51:37]   取到 0712.jpg                                                       0.30 MB
[02:51:39]   取到 0713.jpg                                                       0.52 MB
[02:51:40]   取到 0718.jpg                                                       0.10 MB
[02:51:42]   取到 0720.jpg                                                       0.20 MB
[02:51:43]   取到 0722.jpg                                                       0.06 MB
[02:51:45]   取到 0723.jpg                                                       0.23 MB
[02:51:47]   取到 0727.jpg                                                       0.81 MB
[02:51:48]   取到 0728.jpg                                                       0.39 MB
[02:51:50]   取到 0731.jpg                                                       2.52 MB
[02:51:52]   取到 0733.jpg                                                       0.17 MB
[02:51:54]   取到 0736.jpg                                                       0.63 MB
[02:51:55]   取到 0741.jpg                                                       1.15 MB
[02:51:57]   取到 0743.jpg                                                       0.18 MB
[02:51:59]   取到 0749.jpg                                                       0.09 MB
[02:52:01]   取到 0753.jpg                                                       0.67 MB
[02:52:03]   取到 0754.jpg                                                       2.13 MB
[02:52:04]   取到 0755.jpg                                                       0.17 MB
[02:52:06]   取到 0758.jpg                                                       0.21 MB
[02:52:08]   取到 0759.jpg                                                       1.97 MB
[02:52:10]   取到 0760.jpg                                                       0.69 MB
[02:52:11]   取到 0762.jpg                                                       0.08 MB
[02:52:13]   取到 0768.jpg                                                       0.87 MB
[02:52:15]   取到 0770.jpg                                                       0.59 MB
[02:52:16]   取到 0773.jpg                                                       0.18 MB
[02:52:18]   取到 0774.jpg                                                       0.14 MB
[02:52:21]   取到 0775.jpg                                                       0.39 MB
[02:52:22]   取到 0777.jpg                                                       0.53 MB
[02:52:24]   取到 0779.jpg                                                       0.92 MB
[02:52:26]   取到 0782.jpg                                                       0.30 MB
[02:52:28]   取到 0785.jpg                                                       0.83 MB
[02:52:30]   取到 0786.jpg                                                       1.20 MB
[02:52:32]   取到 0792.jpg                                                       2.60 MB
[02:52:34]   取到 0797.jpg                                                       2.23 MB
[02:52:35]   取到 0798.jpg                                                       2.22 MB
[02:52:37]   取到 0800.jpg                                                       0.48 MB
[02:52:40]   取到 0803.jpg                                                       0.27 MB
[02:52:42]   取到 0805.jpg                                                       0.59 MB
[02:52:44]   取到 0806.jpg                                                       0.31 MB
[02:52:45]   取到 0813.jpg                                                       1.13 MB
[02:52:47]   取到 0814.jpg                                                       0.85 MB
[02:52:49]   取到 0817.jpg                                                       0.95 MB
[02:52:51]   取到 0819.jpg                                                       1.52 MB
[02:52:53]   取到 0821.jpg                                                       0.49 MB
[02:52:55]   取到 0822.jpg                                                       1.68 MB
[02:52:56]   取到 0823.jpg                                                       0.18 MB
[02:52:56]   进度 300/400（成功 300）
[02:52:58]   取到 0825.jpg                                                       0.55 MB
[02:53:00]   取到 0826.jpg                                                       0.10 MB
[02:53:01]   取到 0829.jpg                                                       0.23 MB
[02:53:03]   取到 0830.jpg                                                       0.33 MB
[02:53:06]   取到 0832.jpg                                                       0.66 MB
[02:53:08]   取到 0833.jpg                                                       1.46 MB
[02:53:10]   取到 0835.jpg                                                       0.20 MB
[02:53:12]   取到 0837.jpg                                                       0.48 MB
[02:53:14]   取到 0839.jpg                                                       1.52 MB
[02:53:15]   取到 0844.jpg                                                       0.06 MB
[02:53:17]   取到 0849.jpg                                                       0.25 MB
[02:53:19]   取到 0850.jpg                                                       0.16 MB
[02:53:20]   取到 0852.jpg                                                       0.32 MB
[02:53:22]   取到 0855.jpg                                                       0.39 MB
[02:53:25]   取到 0857.jpg                                                       2.54 MB
[02:53:27]   取到 0859.jpg                                                       0.22 MB
[02:53:29]   取到 0867.jpg                                                       2.08 MB
[02:53:30]   取到 0868.jpg                                                       0.17 MB
[02:53:32]   取到 0871.jpg                                                       0.28 MB
[02:53:34]   取到 0872.jpg                                                       0.20 MB
[02:53:35]   取到 0873.jpg                                                       0.71 MB
[02:53:37]   取到 0875.jpg                                                       0.16 MB
[02:53:40]   取到 0878.jpg                                                       0.14 MB
[02:53:41]   取到 0879.jpg                                                       0.27 MB
[02:53:43]   取到 0880.jpg                                                       0.15 MB
[02:53:45]   取到 0881.jpg                                                       0.46 MB
[02:53:47]   取到 0882.jpg                                                       0.56 MB
[02:53:48]   取到 0884.jpg                                                       0.34 MB
[02:53:51]   取到 0887.jpg                                                       0.15 MB
[02:53:53]   取到 0889.jpg                                                       0.01 MB
[02:53:54]   取到 0890.jpg                                                       0.14 MB
[02:53:56]   取到 0891.jpg                                                       0.24 MB
[02:53:59]   取到 0895.jpg                                                       0.76 MB
[02:54:01]   取到 0897.jpg                                                       0.81 MB
[02:54:03]   取到 0900.jpg                                                       2.35 MB
[02:54:04]   取到 0906.jpg                                                       0.19 MB
[02:54:06]   取到 0907.jpg                                                       0.77 MB
[02:54:08]   取到 0911.jpg                                                       0.29 MB
[02:54:10]   取到 0915.jpg                                                       0.39 MB
[02:54:11]   取到 0916.jpg                                                       0.60 MB
[02:54:13]   取到 0919.jpg                                                       0.31 MB
[02:54:15]   取到 0925.jpg                                                       0.43 MB
[02:54:16]   取到 0926.jpg                                                       0.43 MB
[02:54:18]   取到 0927.jpg                                                       0.39 MB
[02:54:20]   取到 0928.jpg                                                       0.60 MB
[02:54:21]   取到 0931.jpg                                                       0.18 MB
[02:54:23]   取到 0934.jpg                                                       0.35 MB
[02:54:25]   取到 0935.jpg                                                       0.92 MB
[02:54:26]   取到 0936.jpg                                                       0.27 MB
[02:54:28]   取到 0940.jpg                                                       0.45 MB
[02:54:28]   进度 350/400（成功 350）
[02:54:30]   取到 0941.jpg                                                       0.19 MB
[02:54:31]   取到 0944.jpg                                                       0.40 MB
[02:54:33]   取到 0946.jpg                                                       0.99 MB
[02:54:35]   取到 0949.jpg                                                       0.38 MB
[02:54:37]   取到 0952.jpg                                                       1.78 MB
[02:54:38]   取到 0957.jpg                                                       0.29 MB
[02:54:40]   取到 0958.jpg                                                       2.78 MB
[02:54:42]   取到 0965.jpg                                                       1.00 MB
[02:54:44]   取到 0968.jpg                                                       0.22 MB
[02:54:46]   取到 0970.jpg                                                       0.32 MB
[02:54:47]   取到 0975.jpg                                                       0.41 MB
[02:54:49]   取到 0978.jpg                                                       1.24 MB
[02:54:51]   取到 0985.jpg                                                       0.99 MB
[02:54:53]   取到 0990.jpg                                                       2.34 MB
[02:54:55]   取到 0991.jpg                                                       0.29 MB
[02:54:57]   取到 0992.jpg                                                       0.40 MB
[02:54:58]   取到 0993.jpg                                                       0.41 MB
[02:55:00]   取到 0997.jpg                                                       1.76 MB
[02:55:02]   取到 0999.jpg                                                       0.30 MB
[02:55:04]   取到 1007.jpg                                                       0.91 MB
[02:55:06]   取到 1009.jpg                                                       0.26 MB
[02:55:07]   取到 1013.jpg                                                       0.59 MB
[02:55:09]   取到 1016.jpg                                                       0.83 MB
[02:55:11]   取到 1019.jpg                                                       0.28 MB
[02:55:13]   取到 1022.jpg                                                       0.61 MB
[02:55:15]   取到 1025.jpg                                                       0.21 MB
[02:55:17]   取到 1026.jpg                                                       0.15 MB
[02:55:18]   取到 1027.jpg                                                       0.82 MB
[02:55:20]   取到 1029.jpg                                                       0.18 MB
[02:55:22]   取到 1033.jpg                                                       0.41 MB
[02:55:23]   取到 1034.jpg                                                       0.13 MB
[02:55:25]   取到 1036.jpg                                                       0.31 MB
[02:55:27]   取到 1043.jpg                                                       1.45 MB
[02:55:28]   取到 1044.jpg                                                       0.42 MB
[02:55:30]   取到 1045.jpg                                                       0.50 MB
[02:55:32]   取到 1047.jpg                                                       1.17 MB
[02:55:34]   取到 1049.jpg                                                       1.63 MB
[02:55:35]   取到 1051.jpg                                                       0.11 MB
[02:55:37]   取到 1052.jpg                                                       1.52 MB
[02:55:40]   取到 1056.jpg                                                       0.34 MB
[02:55:42]   取到 1058.jpg                                                       2.65 MB
[02:55:44]   取到 1062.jpg                                                       0.18 MB
[02:55:46]   取到 1065.jpg                                                       2.00 MB
[02:55:47]   取到 1066.jpg                                                       1.64 MB
[02:55:49]   取到 1068.jpg                                                       2.57 MB
[02:55:51]   取到 1075.jpg                                                       0.09 MB
[02:55:53]   取到 1077.jpg                                                       2.72 MB
[02:55:55]   取到 1080.jpg                                                       0.43 MB
[02:55:56]   取到 1083.jpg                                                       0.37 MB
[02:55:58]   取到 1086.jpg                                                       0.12 MB
[02:55:58]   进度 400/400（成功 400）
[02:55:58]   JHU 图片取到 400 张
[02:55:58] ==== B) TallyQA-short（非 FSC-147 基准）====
[02:56:47]   取到 tallyQA_short.parquet                                        162.89 MB
[02:56:47] ==== 汇总 ====
[02:56:47]   jhu/image_labels.txt                                                   0.03 MB
[02:56:47]   jhu/image_list.txt                                                     0.03 MB
[02:56:47]   jhu/images/0645.jpg                                                    0.32 MB
[02:56:47]   jhu/images/0492.jpg                                                    1.73 MB
[02:56:47]   jhu/images/0129.jpg                                                    1.86 MB
[02:56:47]   jhu/images/0589.jpg                                                    0.22 MB
[02:56:47]   jhu/images/0968.jpg                                                    0.22 MB
[02:56:47]   jhu/images/0676.jpg                                                    0.19 MB
[02:56:47]   jhu/images/0401.jpg                                                    0.25 MB
[02:56:47]   jhu/images/0229.jpg                                                    0.80 MB
[02:56:47]   jhu/images/0587.jpg                                                    0.26 MB
[02:56:47]   jhu/images/0561.jpg                                                    0.20 MB
[02:56:47]   jhu/images/0473.jpg                                                    2.02 MB
[02:56:47]   jhu/images/0269.jpg                                                    0.65 MB
[02:56:47]   jhu/images/0540.jpg                                                    0.38 MB
[02:56:47]   jhu/images/0130.jpg                                                    0.75 MB
[02:56:47]   jhu/images/0911.jpg                                                    0.29 MB
[02:56:47]   jhu/images/0104.jpg                                                    0.06 MB
[02:56:47]   jhu/images/0597.jpg                                                    0.16 MB
[02:56:47]   jhu/images/0701.jpg                                                    0.59 MB
[02:56:47]   jhu/images/0351.jpg                                                    0.12 MB
[02:56:47]   jhu/images/0316.jpg                                                    0.54 MB
[02:56:47]   jhu/images/0426.jpg                                                    0.25 MB
[02:56:47]   jhu/images/0884.jpg                                                    0.34 MB
[02:56:47]   jhu/images/0832.jpg                                                    0.66 MB
[02:56:47]   jhu/images/0926.jpg                                                    0.43 MB
[02:56:47]   jhu/images/0957.jpg                                                    0.29 MB
[02:56:47]   jhu/images/0471.jpg                                                    0.32 MB
[02:56:47]   jhu/images/0258.jpg                                                    0.26 MB
[02:56:47]   jhu/images/0850.jpg                                                    0.16 MB
[02:56:47]   jhu/images/1043.jpg                                                    1.45 MB
[02:56:47]   jhu/images/0563.jpg                                                    0.17 MB
[02:56:47]   jhu/images/0849.jpg                                                    0.25 MB
[02:56:47]   jhu/images/0441.jpg                                                    2.51 MB
[02:56:47]   jhu/images/0153.jpg                                                    0.53 MB
[02:56:47]   jhu/images/0264.jpg                                                    0.86 MB
[02:56:47]   jhu/images/0510.jpg                                                    0.26 MB
[02:56:47]   jhu/images/0999.jpg                                                    0.30 MB
[02:56:47]   jhu/images/0504.jpg                                                    0.21 MB
[02:56:47]   jhu/images/0152.jpg                                                    2.00 MB
[02:56:47]   jhu/images/1080.jpg                                                    0.43 MB
[02:56:47]   jhu/images/0519.jpg                                                    0.32 MB
[02:56:47]   jhu/images/0835.jpg                                                    0.20 MB
[02:56:47]   jhu/images/0455.jpg                                                    0.12 MB
[02:56:47]   jhu/images/0821.jpg                                                    0.49 MB
[02:56:47]   jhu/images/0065.jpg                                                    0.22 MB
[02:56:47]   jhu/images/0775.jpg                                                    0.39 MB
[02:56:47]   jhu/images/0419.jpg                                                    0.59 MB
[02:56:47]   jhu/images/0254.jpg                                                    1.08 MB
[02:56:47]   jhu/images/0720.jpg                                                    0.20 MB
[02:56:47]   jhu/images/0925.jpg                                                    0.43 MB
[02:56:47]   jhu/images/0644.jpg                                                    0.09 MB
[02:56:47]   jhu/images/0722.jpg                                                    0.06 MB
[02:56:47]   jhu/images/0493.jpg                                                    0.40 MB
[02:56:47]   jhu/images/0770.jpg                                                    0.59 MB
[02:56:47]   jhu/images/0813.jpg                                                    1.13 MB
[02:56:47]   jhu/images/0646.jpg                                                    0.80 MB
[02:56:47]   jhu/images/0311.jpg                                                    0.19 MB
[02:56:47]   jhu/images/0693.jpg                                                    0.61 MB
[02:56:47]   jhu/images/0990.jpg                                                    2.34 MB
[02:56:47]   jhu/images/0222.jpg                                                    0.15 MB
[02:56:47]   jhu/images/0469.jpg                                                    0.67 MB
[02:56:47]   jhu/images/0275.jpg                                                    2.30 MB
[02:56:47]   jhu/images/0286.jpg                                                    0.17 MB
[02:56:47]   jhu/images/0004.jpg                                                    0.11 MB
[02:56:47]   jhu/images/0400.jpg                                                    0.20 MB
[02:56:47]   jhu/images/0852.jpg                                                    0.32 MB
[02:56:47]   jhu/images/0654.jpg                                                    0.53 MB
[02:56:47]   jhu/images/0619.jpg                                                    0.36 MB
[02:56:47]   jhu/images/1066.jpg                                                    1.64 MB
[02:56:47]   jhu/images/0952.jpg                                                    1.78 MB
[02:56:47]   jhu/images/0826.jpg                                                    0.10 MB
[02:56:47]   jhu/images/0438.jpg                                                    0.29 MB
[02:56:47]   jhu/images/1052.jpg                                                    1.52 MB
[02:56:47]   jhu/images/0527.jpg                                                    2.67 MB
[02:56:47]   jhu/images/0093.jpg                                                    0.33 MB
[02:56:47]   jhu/images/0650.jpg                                                    0.38 MB
[02:56:47]   jhu/images/0759.jpg                                                    1.97 MB
[02:56:47]   jhu/images/0823.jpg                                                    0.18 MB
[02:56:47]   jhu/images/0552.jpg                                                    1.33 MB
[02:56:47]   jhu/images/0690.jpg                                                    1.51 MB
[02:56:47]   jhu/images/0985.jpg                                                    0.99 MB
[02:56:47]   jhu/images/0354.jpg                                                    0.20 MB
[02:56:47]   jhu/images/0410.jpg                                                    0.16 MB
[02:56:47]   jhu/images/0622.jpg                                                    0.67 MB
[02:56:47]   jhu/images/0281.jpg                                                    0.21 MB
[02:56:47]   jhu/images/0699.jpg                                                    0.37 MB
[02:56:47]   jhu/images/0464.jpg                                                    0.25 MB
[02:56:47]   jhu/images/0889.jpg                                                    0.01 MB
[02:56:47]   jhu/images/0154.jpg                                                    0.77 MB
[02:56:47]   jhu/images/0768.jpg                                                    0.87 MB
[02:56:47]   jhu/images/0936.jpg                                                    0.27 MB
[02:56:47]   jhu/images/0651.jpg                                                    0.17 MB
[02:56:47]   jhu/images/0459.jpg                                                    0.32 MB
[02:56:47]   jhu/images/1077.jpg                                                    2.72 MB
[02:56:47]   jhu/images/0825.jpg                                                    0.55 MB
[02:56:47]   jhu/images/0402.jpg                                                    2.19 MB
[02:56:47]   jhu/images/0919.jpg                                                    0.31 MB
[02:56:47]   jhu/images/0713.jpg                                                    0.52 MB
[02:56:47]   jhu/images/1013.jpg                                                    0.59 MB
[02:56:47]   jhu/images/0350.jpg                                                    0.09 MB
[02:56:47]   jhu/images/0516.jpg                                                    0.23 MB
[02:56:47]   jhu/images/1075.jpg                                                    0.09 MB
[02:56:47]   jhu/images/0805.jpg                                                    0.59 MB
[02:56:47]   jhu/images/0931.jpg                                                    0.18 MB
[02:56:47]   jhu/images/0160.jpg                                                    0.56 MB
[02:56:47]   jhu/images/0743.jpg                                                    0.18 MB
[02:56:47]   jhu/images/0332.jpg                                                    0.03 MB
[02:56:47]   jhu/images/0291.jpg                                                    0.35 MB
[02:56:47]   jhu/images/0555.jpg                                                    0.39 MB
[02:56:47]   jhu/images/1086.jpg                                                    0.12 MB
[02:56:47]   jhu/images/1045.jpg                                                    0.50 MB
[02:56:47]   jhu/images/0797.jpg                                                    2.23 MB
[02:56:47]   jhu/images/0312.jpg                                                    0.31 MB
[02:56:47]   jhu/images/0819.jpg                                                    1.52 MB
[02:56:47]   jhu/images/0234.jpg                                                    0.24 MB
[02:56:47]   jhu/images/0891.jpg                                                    0.24 MB
[02:56:47]   jhu/images/0398.jpg                                                    0.98 MB
[02:56:47]   jhu/images/1058.jpg                                                    2.65 MB
[02:56:47]   jhu/images/0857.jpg                                                    2.54 MB
[02:56:47]   jhu/images/0906.jpg                                                    0.19 MB
[02:56:47]   jhu/images/0830.jpg                                                    0.33 MB
[02:56:47]   jhu/images/0259.jpg                                                    1.73 MB
[02:56:47]   jhu/images/0741.jpg                                                    1.15 MB
[02:56:47]   jhu/images/0307.jpg                                                    0.31 MB
[02:56:47]   jhu/images/0915.jpg                                                    0.39 MB
[02:56:47]   jhu/images/0782.jpg                                                    0.30 MB
[02:56:47]   jhu/images/1062.jpg                                                    0.18 MB
[02:56:47]   jhu/images/0024.jpg                                                    0.23 MB
[02:56:47]   jhu/images/0897.jpg                                                    0.81 MB
[02:56:47]   jhu/images/0297.jpg                                                    0.40 MB
[02:56:47]   jhu/images/0293.jpg                                                    2.22 MB
[02:56:47]   jhu/images/0609.jpg                                                    0.20 MB
[02:56:47]   jhu/images/0470.jpg                                                    0.24 MB
[02:56:47]   jhu/images/0045.jpg                                                    0.41 MB
[02:56:47]   jhu/images/0590.jpg                                                    0.27 MB
[02:56:47]   jhu/images/1036.jpg                                                    0.31 MB
[02:56:47]   jhu/images/0123.jpg                                                    0.19 MB
[02:56:47]   jhu/images/0803.jpg                                                    0.27 MB
[02:56:47]   jhu/images/0718.jpg                                                    0.10 MB
[02:56:47]   jhu/images/0195.jpg                                                    1.60 MB
[02:56:47]   jhu/images/0774.jpg                                                    0.14 MB
[02:56:47]   jhu/images/0660.jpg                                                    1.61 MB
[02:56:47]   jhu/images/0798.jpg                                                    2.22 MB
[02:56:47]   jhu/images/0657.jpg                                                    0.64 MB
[02:56:47]   jhu/images/0374.jpg                                                    2.48 MB
[02:56:47]   jhu/images/0381.jpg                                                    0.60 MB
[02:56:47]   jhu/images/0079.jpg                                                    0.57 MB
[02:56:47]   jhu/images/0916.jpg                                                    0.60 MB
[02:56:47]   jhu/images/0875.jpg                                                    0.16 MB
[02:56:47]   jhu/images/0728.jpg                                                    0.39 MB
[02:56:47]   jhu/images/0216.jpg                                                    2.41 MB
[02:56:47]   jhu/images/0603.jpg                                                    0.20 MB
[02:56:47]   jhu/images/0970.jpg                                                    0.32 MB
[02:56:47]   jhu/images/0131.jpg                                                    0.08 MB
[02:56:47]   jhu/images/0927.jpg                                                    0.39 MB
[02:56:47]   jhu/images/1068.jpg                                                    2.57 MB
[02:56:47]   jhu/images/0047.jpg                                                    1.52 MB
[02:56:47]   jhu/images/0997.jpg                                                    1.76 MB
[02:56:47]   jhu/images/0449.jpg                                                    0.62 MB
[02:56:47]   jhu/images/0872.jpg                                                    0.20 MB
[02:56:47]   jhu/images/0119.jpg                                                    0.72 MB
[02:56:47]   jhu/images/0786.jpg                                                    1.20 MB
[02:56:47]   jhu/images/0115.jpg                                                    0.15 MB
[02:56:47]   jhu/images/0041.jpg                                                    1.08 MB
[02:56:47]   jhu/images/0356.jpg                                                    0.58 MB
[02:56:47]   jhu/images/0238.jpg                                                    0.07 MB
[02:56:47]   jhu/images/1065.jpg                                                    2.00 MB
[02:56:47]   jhu/images/0709.jpg                                                    0.14 MB
[02:56:47]   jhu/images/0814.jpg                                                    0.85 MB
[02:56:47]   jhu/images/0392.jpg                                                    0.11 MB
[02:56:47]   jhu/images/0466.jpg                                                    0.26 MB
[02:56:47]   jhu/images/0928.jpg                                                    0.60 MB
[02:56:47]   jhu/images/0577.jpg                                                    0.20 MB
[02:56:47]   jhu/images/0878.jpg                                                    0.14 MB
[02:56:47]   jhu/images/0700.jpg                                                    0.29 MB
[02:56:47]   jhu/images/0617.jpg                                                    0.20 MB
[02:56:47]   jhu/images/0568.jpg                                                    0.12 MB
[02:56:47]   jhu/images/0618.jpg                                                    0.17 MB
[02:56:47]   jhu/images/0159.jpg                                                    0.50 MB
[02:56:47]   jhu/images/0806.jpg                                                    0.31 MB
[02:56:47]   jhu/images/0453.jpg                                                    0.42 MB
[02:56:47]   jhu/images/0601.jpg                                                    1.37 MB
[02:56:47]   jhu/images/0958.jpg                                                    2.78 MB
[02:56:47]   jhu/images/0090.jpg                                                    2.16 MB
[02:56:47]   jhu/images/0080.jpg                                                    0.05 MB
[02:56:47]   jhu/images/0946.jpg                                                    0.99 MB
[02:56:47]   jhu/images/0273.jpg                                                    0.76 MB
[02:56:47]   jhu/images/0006.jpg                                                    0.17 MB
[02:56:47]   jhu/images/0859.jpg                                                    0.22 MB
[02:56:47]   jhu/images/0614.jpg                                                    0.41 MB
[02:56:47]   jhu/images/0362.jpg                                                    0.76 MB
[02:56:47]   jhu/images/0098.jpg                                                    2.20 MB
[02:56:47]   jhu/images/0887.jpg                                                    0.15 MB
[02:56:47]   jhu/images/0549.jpg                                                    0.15 MB
[02:56:47]   jhu/images/0755.jpg                                                    0.17 MB
[02:56:47]   jhu/images/0262.jpg                                                    0.50 MB
[02:56:47]   jhu/images/0837.jpg                                                    0.48 MB
[02:56:47]   jhu/images/1016.jpg                                                    0.83 MB
[02:56:47]   jhu/images/0686.jpg                                                    2.04 MB
[02:56:47]   jhu/images/0592.jpg                                                    1.23 MB
[02:56:47]   jhu/images/0822.jpg                                                    1.68 MB
[02:56:47]   jhu/images/0096.jpg                                                    0.24 MB
[02:56:47]   jhu/images/0110.jpg                                                    0.38 MB
[02:56:47]   jhu/images/0544.jpg                                                    0.29 MB
[02:56:47]   jhu/images/0666.jpg                                                    1.09 MB
[02:56:47]   jhu/images/0762.jpg                                                    0.08 MB
[02:56:47]   jhu/images/0301.jpg                                                    0.45 MB
[02:56:47]   jhu/images/0121.jpg                                                    1.28 MB
[02:56:47]   jhu/images/0733.jpg                                                    0.17 MB
[02:56:47]   jhu/images/0033.jpg                                                    0.20 MB
[02:56:47]   jhu/images/0132.jpg                                                    0.59 MB
[02:56:47]   jhu/images/0565.jpg                                                    1.12 MB
[02:56:47]   jhu/images/1034.jpg                                                    0.13 MB
[02:56:47]   jhu/images/0965.jpg                                                    1.00 MB
[02:56:47]   jhu/images/0242.jpg                                                    0.36 MB
[02:56:47]   jhu/images/0571.jpg                                                    0.79 MB
[02:56:47]   jhu/images/0615.jpg                                                    0.15 MB
[02:56:47]   jhu/images/0538.jpg                                                    1.29 MB
[02:56:47]   jhu/images/0779.jpg                                                    0.92 MB
[02:56:47]   jhu/images/0882.jpg                                                    0.56 MB
[02:56:47]   jhu/images/0673.jpg                                                    1.38 MB
[02:56:47]   jhu/images/0731.jpg                                                    2.52 MB
[02:56:47]   jhu/images/0043.jpg                                                    1.01 MB
[02:56:47]   jhu/images/0935.jpg                                                    0.92 MB
[02:56:47]   jhu/images/0978.jpg                                                    1.24 MB
[02:56:47]   jhu/images/0002.jpg                                                    0.33 MB
[02:56:47]   jhu/images/0658.jpg                                                    2.94 MB
[02:56:47]   jhu/images/0785.jpg                                                    0.83 MB
[02:56:47]   jhu/images/0868.jpg                                                    0.17 MB
[02:56:47]   jhu/images/0707.jpg                                                    0.33 MB
[02:56:47]   jhu/images/0881.jpg                                                    0.46 MB
[02:56:47]   jhu/images/0542.jpg                                                    0.22 MB
[02:56:47]   jhu/images/0086.jpg                                                    1.17 MB
[02:56:47]   jhu/images/0712.jpg                                                    0.30 MB
[02:56:47]   jhu/images/0059.jpg                                                    0.29 MB
[02:56:47]   jhu/images/0403.jpg                                                    0.60 MB
[02:56:47]   jhu/images/0237.jpg                                                    0.49 MB
[02:56:47]   jhu/images/0245.jpg                                                    1.17 MB
[02:56:47]   jhu/images/0433.jpg                                                    1.65 MB
[02:56:47]   jhu/images/1083.jpg                                                    0.37 MB
[02:56:47]   jhu/images/0678.jpg                                                    0.27 MB
[02:56:47]   jhu/images/0890.jpg                                                    0.14 MB
[02:56:47]   jhu/images/1022.jpg                                                    0.61 MB
[02:56:47]   jhu/images/0202.jpg                                                    0.06 MB
[02:56:47]   jhu/images/0421.jpg                                                    0.15 MB
[02:56:47]   jhu/images/0094.jpg                                                    0.39 MB
[02:56:47]   jhu/images/0696.jpg                                                    0.10 MB
[02:56:47]   jhu/images/0991.jpg                                                    0.29 MB
[02:56:47]   jhu/images/0941.jpg                                                    0.19 MB
[02:56:47]   jhu/images/0319.jpg                                                    0.46 MB
[02:56:47]   jhu/images/0604.jpg                                                    0.45 MB
[02:56:47]   jhu/images/0396.jpg                                                    2.14 MB
[02:56:47]   jhu/images/0533.jpg                                                    0.23 MB
[02:56:47]   jhu/images/0420.jpg                                                    0.15 MB
[02:56:47]   jhu/images/0705.jpg                                                    1.15 MB
[02:56:47]   jhu/images/0178.jpg                                                    0.59 MB
[02:56:47]   jhu/images/0723.jpg                                                    0.23 MB
[02:56:47]   jhu/images/0071.jpg                                                    1.99 MB
[02:56:47]   jhu/images/0505.jpg                                                    0.29 MB
[02:56:47]   jhu/images/0384.jpg                                                    0.17 MB
[02:56:47]   jhu/images/0331.jpg                                                    0.17 MB
[02:56:47]   jhu/images/0880.jpg                                                    0.15 MB
[02:56:47]   jhu/images/1026.jpg                                                    0.15 MB
[02:56:47]   jhu/images/0873.jpg                                                    0.71 MB
[02:56:47]   jhu/images/0427.jpg                                                    0.69 MB
[02:56:47]   jhu/images/0294.jpg                                                    0.66 MB
[02:56:47]   jhu/images/0372.jpg                                                    0.53 MB
[02:56:47]   jhu/images/0529.jpg                                                    0.25 MB
[02:56:47]   jhu/images/0867.jpg                                                    2.08 MB
[02:56:47]   jhu/images/0792.jpg                                                    2.60 MB
[02:56:47]   jhu/images/1051.jpg                                                    0.11 MB
[02:56:47]   jhu/images/0416.jpg                                                    0.35 MB
[02:56:47]   jhu/images/0325.jpg                                                    0.23 MB
[02:56:47]   jhu/images/0550.jpg                                                    0.24 MB
[02:56:47]   jhu/images/0602.jpg                                                    0.34 MB
[02:56:47]   jhu/images/0265.jpg                                                    0.12 MB
[02:56:47]   jhu/images/0303.jpg                                                    1.23 MB
[02:56:47]   jhu/images/0244.jpg                                                    0.14 MB
[02:56:47]   jhu/images/0263.jpg                                                    0.12 MB
[02:56:47]   jhu/images/0223.jpg                                                    2.19 MB
[02:56:47]   jhu/images/0308.jpg                                                    1.16 MB
[02:56:47]   jhu/images/0949.jpg                                                    0.38 MB
[02:56:47]   jhu/images/0240.jpg                                                    1.73 MB
[02:56:47]   jhu/images/0227.jpg                                                    0.23 MB
[02:56:47]   jhu/images/0483.jpg                                                    0.27 MB
[02:56:47]   jhu/images/0627.jpg                                                    0.41 MB
[02:56:47]   jhu/images/1056.jpg                                                    0.34 MB
[02:56:47]   jhu/images/0257.jpg                                                    0.17 MB
[02:56:47]   jhu/images/0511.jpg                                                    0.21 MB
[02:56:47]   jhu/images/0754.jpg                                                    2.13 MB
[02:56:47]   jhu/images/0689.jpg                                                    0.22 MB
[02:56:47]   jhu/images/1007.jpg                                                    0.91 MB
[02:56:47]   jhu/images/1047.jpg                                                    1.17 MB
[02:56:47]   jhu/images/0434.jpg                                                    1.77 MB
[02:56:47]   jhu/images/0176.jpg                                                    2.10 MB
[02:56:47]   jhu/images/0299.jpg                                                    0.46 MB
[02:56:47]   jhu/images/0871.jpg                                                    0.28 MB
[02:56:47]   jhu/images/1049.jpg                                                    1.63 MB
[02:56:47]   jhu/images/0879.jpg                                                    0.27 MB
[02:56:47]   jhu/images/0309.jpg                                                    0.57 MB
[02:56:47]   jhu/images/1029.jpg                                                    0.18 MB
[02:56:47]   jhu/images/0379.jpg                                                    0.36 MB
[02:56:47]   jhu/images/0569.jpg                                                    2.55 MB
[02:56:47]   jhu/images/0800.jpg                                                    0.48 MB
[02:56:47]   jhu/images/0353.jpg                                                    0.28 MB
[02:56:47]   jhu/images/0817.jpg                                                    0.95 MB
[02:56:47]   jhu/images/0226.jpg                                                    0.09 MB
[02:56:47]   jhu/images/0327.jpg                                                    1.04 MB
[02:56:47]   jhu/images/0005.jpg                                                    0.23 MB
[02:56:47]   jhu/images/0028.jpg                                                    1.25 MB
[02:56:47]   jhu/images/0844.jpg                                                    0.06 MB
[02:56:47]   jhu/images/0595.jpg                                                    0.17 MB
[02:56:47]   jhu/images/0435.jpg                                                    0.37 MB
[02:56:47]   jhu/images/0992.jpg                                                    0.40 MB
[02:56:47]   jhu/images/0687.jpg                                                    0.31 MB
[02:56:47]   jhu/images/0306.jpg                                                    0.17 MB
[02:56:47]   jhu/images/0361.jpg                                                    0.23 MB
[02:56:47]   jhu/images/0584.jpg                                                    0.26 MB
[02:56:47]   jhu/images/0120.jpg                                                    0.22 MB
[02:56:47]   jhu/images/0140.jpg                                                    0.13 MB
[02:56:47]   jhu/images/0495.jpg                                                    0.28 MB
[02:56:47]   jhu/images/0091.jpg                                                    2.03 MB
[02:56:47]   jhu/images/0907.jpg                                                    0.77 MB
[02:56:47]   jhu/images/0253.jpg                                                    1.86 MB
[02:56:47]   jhu/images/0535.jpg                                                    0.14 MB
[02:56:47]   jhu/images/0900.jpg                                                    2.35 MB
[02:56:47]   jhu/images/0642.jpg                                                    0.05 MB
[02:56:47]   jhu/images/0586.jpg                                                    0.49 MB
[02:56:47]   jhu/images/0463.jpg                                                    0.33 MB
[02:56:47]   jhu/images/0581.jpg                                                    0.31 MB
[02:56:47]   jhu/images/0443.jpg                                                    0.78 MB
[02:56:47]   jhu/images/0773.jpg                                                    0.18 MB
[02:56:47]   jhu/images/0895.jpg                                                    0.76 MB
[02:56:47]   jhu/images/0515.jpg                                                    0.15 MB
[02:56:47]   jhu/images/0060.jpg                                                    0.38 MB
[02:56:47]   jhu/images/0608.jpg                                                    3.07 MB
[02:56:47]   jhu/images/1025.jpg                                                    0.21 MB
[02:56:47]   jhu/images/0674.jpg                                                    1.84 MB
[02:56:47]   jhu/images/1027.jpg                                                    0.82 MB
[02:56:47]   jhu/images/0605.jpg                                                    1.88 MB
[02:56:47]   jhu/images/0626.jpg                                                    0.43 MB
[02:56:47]   jhu/images/0503.jpg                                                    0.49 MB
[02:56:47]   jhu/images/0760.jpg                                                    0.69 MB
[02:56:47]   jhu/images/0588.jpg                                                    0.79 MB
[02:56:47]   jhu/images/1044.jpg                                                    0.42 MB
[02:56:47]   jhu/images/0124.jpg                                                    0.48 MB
[02:56:47]   jhu/images/0940.jpg                                                    0.45 MB
[02:56:47]   jhu/images/0934.jpg                                                    0.35 MB
[02:56:47]   jhu/images/0704.jpg                                                    1.26 MB
[02:56:47]   jhu/images/0409.jpg                                                    0.62 MB
[02:56:47]   jhu/images/0212.jpg                                                    3.02 MB
[02:56:47]   jhu/images/0479.jpg                                                    0.43 MB
[02:56:47]   jhu/images/0777.jpg                                                    0.53 MB
[02:56:47]   jhu/images/0218.jpg                                                    1.15 MB
[02:56:47]   jhu/images/0417.jpg                                                    1.03 MB
[02:56:47]   jhu/images/0279.jpg                                                    0.55 MB
[02:56:47]   jhu/images/0256.jpg                                                    1.76 MB
[02:56:47]   jhu/images/0641.jpg                                                    0.74 MB
[02:56:47]   jhu/images/0020.jpg                                                    0.35 MB
[02:56:47]   jhu/images/0494.jpg                                                    0.13 MB
[02:56:47]   jhu/images/0591.jpg                                                    0.47 MB
[02:56:47]   jhu/images/0576.jpg                                                    1.54 MB
[02:56:47]   jhu/images/0288.jpg                                                    1.68 MB
[02:56:47]   jhu/images/0157.jpg                                                    0.78 MB
[02:56:47]   jhu/images/0753.jpg                                                    0.67 MB
[02:56:47]   jhu/images/0855.jpg                                                    0.39 MB
[02:56:47]   jhu/images/0582.jpg                                                    1.04 MB
[02:56:47]   jhu/images/0679.jpg                                                    0.13 MB
[02:56:47]   jhu/images/0252.jpg                                                    2.04 MB
[02:56:47]   jhu/images/0839.jpg                                                    1.52 MB
[02:56:47]   jhu/images/0447.jpg                                                    1.76 MB
[02:56:47]   jhu/images/0412.jpg                                                    1.07 MB
[02:56:47]   jhu/images/0593.jpg                                                    0.24 MB
[02:56:47]   jhu/images/0347.jpg                                                    0.40 MB
[02:56:47]   jhu/images/0829.jpg                                                    0.23 MB
[02:56:47]   jhu/images/0016.jpg                                                    0.26 MB
[02:56:47]   jhu/images/0087.jpg                                                    0.51 MB
[02:56:47]   jhu/images/0600.jpg                                                    0.52 MB
[02:56:47]   jhu/images/0993.jpg                                                    0.41 MB
[02:56:47]   jhu/images/0736.jpg                                                    0.63 MB
[02:56:47]   jhu/images/0520.jpg                                                    0.62 MB
[02:56:47]   jhu/images/0669.jpg                                                    0.21 MB
[02:56:47]   jhu/images/0547.jpg                                                    1.80 MB
[02:56:47]   jhu/images/0236.jpg                                                    0.23 MB
[02:56:47]   jhu/images/1033.jpg                                                    0.41 MB
[02:56:47]   jhu/images/0117.jpg                                                    0.59 MB
[02:56:47]   jhu/images/0648.jpg                                                    2.57 MB
[02:56:47]   jhu/images/0211.jpg                                                    0.46 MB
[02:56:47]   jhu/images/0727.jpg                                                    0.81 MB
[02:56:47]   jhu/images/0186.jpg                                                    2.11 MB
[02:56:47]   jhu/images/0975.jpg                                                    0.41 MB
[02:56:47]   jhu/images/0758.jpg                                                    0.21 MB
[02:56:47]   jhu/images/0431.jpg                                                    0.68 MB
[02:56:47]   jhu/images/0567.jpg                                                    0.47 MB
[02:56:47]   jhu/images/0833.jpg                                                    1.46 MB
[02:56:47]   jhu/images/1009.jpg                                                    0.26 MB
[02:56:47]   jhu/images/0944.jpg                                                    0.40 MB
[02:56:47]   jhu/images/0458.jpg                                                    0.17 MB
[02:56:47]   jhu/images/1019.jpg                                                    0.28 MB
[02:56:47]   jhu/images/0574.jpg                                                    1.05 MB
[02:56:47]   jhu/images/0749.jpg                                                    0.09 MB
[02:56:47]   tallyqa/tallyQA_short.parquet                                        162.89 MB
[02:56:47] G3_FETCH_DONE
